[0.654s] Invoking command in '/home/arepo/vsss_sim/bullet_ws/src/sim': PYTHONPATH=/home/arepo/vsss_sim/bullet_ws/build/sim/prefix_override:/usr/lib/python3/dist-packages/colcon_core/task/python/colcon_distutils_commands:/home/arepo/vsss_sim/bullet_ws/install/sim/lib/python3.10/site-packages:${PYTHONPATH} /usr/bin/python3 -W ignore:setup.py install is deprecated -W ignore:easy_install command is deprecated setup.py egg_info --egg-base ../../build/sim build --build-base /home/arepo/vsss_sim/bullet_ws/build/sim/build install --record /home/arepo/vsss_sim/bullet_ws/build/sim/install.log --single-version-externally-managed install_data
[0.849s] running egg_info
[0.863s] writing ../../build/sim/sim.egg-info/PKG-INFO
[0.863s] writing dependency_links to ../../build/sim/sim.egg-info/dependency_links.txt
[0.863s] writing entry points to ../../build/sim/sim.egg-info/entry_points.txt
[0.863s] writing requirements to ../../build/sim/sim.egg-info/requires.txt
[0.864s] writing top-level names to ../../build/sim/sim.egg-info/top_level.txt
[0.894s] reading manifest file '../../build/sim/sim.egg-info/SOURCES.txt'
[0.894s] adding license file 'LICENSE'
[0.895s] writing manifest file '../../build/sim/sim.egg-info/SOURCES.txt'
[0.895s] running build
[0.895s] running build_py
[0.895s] copying sim/vision2.py -> /home/arepo/vsss_sim/bullet_ws/build/sim/build/lib/sim
[0.896s] copying sim/vision.py -> /home/arepo/vsss_sim/bullet_ws/build/sim/build/lib/sim
[0.896s] running install
[0.900s] running install_lib
[0.914s] copying /home/arepo/vsss_sim/bullet_ws/build/sim/build/lib/sim/vision2.py -> /home/arepo/vsss_sim/bullet_ws/install/sim/lib/python3.10/site-packages/sim
[0.915s] copying /home/arepo/vsss_sim/bullet_ws/build/sim/build/lib/sim/vision.py -> /home/arepo/vsss_sim/bullet_ws/install/sim/lib/python3.10/site-packages/sim
[0.915s] byte-compiling /home/arepo/vsss_sim/bullet_ws/install/sim/lib/python3.10/site-packages/sim/vision2.py to vision2.cpython-310.pyc
[0.919s] byte-compiling /home/arepo/vsss_sim/bullet_ws/install/sim/lib/python3.10/site-packages/sim/vision.py to vision.cpython-310.pyc
[0.921s] running install_data
[0.921s] running install_egg_info
[0.937s] removing '/home/arepo/vsss_sim/bullet_ws/install/sim/lib/python3.10/site-packages/sim-0.0.0-py3.10.egg-info' (and everything under it)
[0.937s] Copying ../../build/sim/sim.egg-info to /home/arepo/vsss_sim/bullet_ws/install/sim/lib/python3.10/site-packages/sim-0.0.0-py3.10.egg-info
[0.938s] running install_scripts
[1.087s] Installing bridge script to /home/arepo/vsss_sim/bullet_ws/install/sim/lib/sim
[1.087s] Installing comms script to /home/arepo/vsss_sim/bullet_ws/install/sim/lib/sim
[1.087s] Installing gui script to /home/arepo/vsss_sim/bullet_ws/install/sim/lib/sim
[1.087s] Installing sim script to /home/arepo/vsss_sim/bullet_ws/install/sim/lib/sim
[1.087s] Installing strat script to /home/arepo/vsss_sim/bullet_ws/install/sim/lib/sim
[1.087s] Installing strat2 script to /home/arepo/vsss_sim/bullet_ws/install/sim/lib/sim
[1.087s] Installing stratmax script to /home/arepo/vsss_sim/bullet_ws/install/sim/lib/sim
[1.088s] Installing tests script to /home/arepo/vsss_sim/bullet_ws/install/sim/lib/sim
[1.088s] Installing vision script to /home/arepo/vsss_sim/bullet_ws/install/sim/lib/sim
[1.088s] Installing vision2 script to /home/arepo/vsss_sim/bullet_ws/install/sim/lib/sim
[1.088s] writing list of installed files to '/home/arepo/vsss_sim/bullet_ws/build/sim/install.log'
[1.109s] Invoked command in '/home/arepo/vsss_sim/bullet_ws/src/sim' returned '0': PYTHONPATH=/home/arepo/vsss_sim/bullet_ws/build/sim/prefix_override:/usr/lib/python3/dist-packages/colcon_core/task/python/colcon_distutils_commands:/home/arepo/vsss_sim/bullet_ws/install/sim/lib/python3.10/site-packages:${PYTHONPATH} /usr/bin/python3 -W ignore:setup.py install is deprecated -W ignore:easy_install command is deprecated setup.py egg_info --egg-base ../../build/sim build --build-base /home/arepo/vsss_sim/bullet_ws/build/sim/build install --record /home/arepo/vsss_sim/bullet_ws/build/sim/install.log --single-version-externally-managed install_data
