[0.672s] Invoking command in '/home/arepo/vsss_sim/bullet_ws/src/sim': PYTHONPATH=/home/arepo/vsss_sim/bullet_ws/build/sim/prefix_override:/usr/lib/python3/dist-packages/colcon_core/task/python/colcon_distutils_commands:/home/arepo/vsss_sim/bullet_ws/install/sim/lib/python3.10/site-packages:${PYTHONPATH} /usr/bin/python3 -W ignore:setup.py install is deprecated -W ignore:easy_install command is deprecated setup.py egg_info --egg-base ../../build/sim build --build-base /home/arepo/vsss_sim/bullet_ws/build/sim/build install --record /home/arepo/vsss_sim/bullet_ws/build/sim/install.log --single-version-externally-managed install_data
[0.879s] running egg_info
[0.880s] creating ../../build/sim/sim.egg-info
[0.894s] writing ../../build/sim/sim.egg-info/PKG-INFO
[0.895s] writing dependency_links to ../../build/sim/sim.egg-info/dependency_links.txt
[0.895s] writing entry points to ../../build/sim/sim.egg-info/entry_points.txt
[0.895s] writing requirements to ../../build/sim/sim.egg-info/requires.txt
[0.895s] writing top-level names to ../../build/sim/sim.egg-info/top_level.txt
[0.895s] writing manifest file '../../build/sim/sim.egg-info/SOURCES.txt'
[0.925s] reading manifest file '../../build/sim/sim.egg-info/SOURCES.txt'
[0.925s] adding license file 'LICENSE'
[0.925s] writing manifest file '../../build/sim/sim.egg-info/SOURCES.txt'
[0.926s] running build
[0.926s] running build_py
[0.926s] creating /home/arepo/vsss_sim/bullet_ws/build/sim/build
[0.926s] creating /home/arepo/vsss_sim/bullet_ws/build/sim/build/lib
[0.926s] creating /home/arepo/vsss_sim/bullet_ws/build/sim/build/lib/sim
[0.926s] copying sim/vision2.py -> /home/arepo/vsss_sim/bullet_ws/build/sim/build/lib/sim
[0.926s] copying sim/sim.py -> /home/arepo/vsss_sim/bullet_ws/build/sim/build/lib/sim
[0.926s] copying sim/strat.py -> /home/arepo/vsss_sim/bullet_ws/build/sim/build/lib/sim
[0.926s] copying sim/gui.py -> /home/arepo/vsss_sim/bullet_ws/build/sim/build/lib/sim
[0.926s] copying sim/vision.py -> /home/arepo/vsss_sim/bullet_ws/build/sim/build/lib/sim
[0.926s] copying sim/__init__.py -> /home/arepo/vsss_sim/bullet_ws/build/sim/build/lib/sim
[0.926s] copying sim/bridge.py -> /home/arepo/vsss_sim/bullet_ws/build/sim/build/lib/sim
[0.927s] copying sim/strat2.py -> /home/arepo/vsss_sim/bullet_ws/build/sim/build/lib/sim
[0.927s] copying sim/stratMax.py -> /home/arepo/vsss_sim/bullet_ws/build/sim/build/lib/sim
[0.927s] copying sim/tests.py -> /home/arepo/vsss_sim/bullet_ws/build/sim/build/lib/sim
[0.927s] copying sim/comms.py -> /home/arepo/vsss_sim/bullet_ws/build/sim/build/lib/sim
[0.927s] running install
[0.931s] running install_lib
[0.946s] creating /home/arepo/vsss_sim/bullet_ws/install/sim/lib/python3.10/site-packages/sim
[0.946s] copying /home/arepo/vsss_sim/bullet_ws/build/sim/build/lib/sim/vision2.py -> /home/arepo/vsss_sim/bullet_ws/install/sim/lib/python3.10/site-packages/sim
[0.946s] copying /home/arepo/vsss_sim/bullet_ws/build/sim/build/lib/sim/sim.py -> /home/arepo/vsss_sim/bullet_ws/install/sim/lib/python3.10/site-packages/sim
[0.946s] copying /home/arepo/vsss_sim/bullet_ws/build/sim/build/lib/sim/strat.py -> /home/arepo/vsss_sim/bullet_ws/install/sim/lib/python3.10/site-packages/sim
[0.947s] copying /home/arepo/vsss_sim/bullet_ws/build/sim/build/lib/sim/gui.py -> /home/arepo/vsss_sim/bullet_ws/install/sim/lib/python3.10/site-packages/sim
[0.947s] copying /home/arepo/vsss_sim/bullet_ws/build/sim/build/lib/sim/vision.py -> /home/arepo/vsss_sim/bullet_ws/install/sim/lib/python3.10/site-packages/sim
[0.947s] copying /home/arepo/vsss_sim/bullet_ws/build/sim/build/lib/sim/__init__.py -> /home/arepo/vsss_sim/bullet_ws/install/sim/lib/python3.10/site-packages/sim
[0.947s] copying /home/arepo/vsss_sim/bullet_ws/build/sim/build/lib/sim/bridge.py -> /home/arepo/vsss_sim/bullet_ws/install/sim/lib/python3.10/site-packages/sim
[0.947s] copying /home/arepo/vsss_sim/bullet_ws/build/sim/build/lib/sim/strat2.py -> /home/arepo/vsss_sim/bullet_ws/install/sim/lib/python3.10/site-packages/sim
[0.947s] copying /home/arepo/vsss_sim/bullet_ws/build/sim/build/lib/sim/stratMax.py -> /home/arepo/vsss_sim/bullet_ws/install/sim/lib/python3.10/site-packages/sim
[0.947s] copying /home/arepo/vsss_sim/bullet_ws/build/sim/build/lib/sim/tests.py -> /home/arepo/vsss_sim/bullet_ws/install/sim/lib/python3.10/site-packages/sim
[0.947s] copying /home/arepo/vsss_sim/bullet_ws/build/sim/build/lib/sim/comms.py -> /home/arepo/vsss_sim/bullet_ws/install/sim/lib/python3.10/site-packages/sim
[0.947s] byte-compiling /home/arepo/vsss_sim/bullet_ws/install/sim/lib/python3.10/site-packages/sim/vision2.py to vision2.cpython-310.pyc
[0.951s] byte-compiling /home/arepo/vsss_sim/bullet_ws/install/sim/lib/python3.10/site-packages/sim/sim.py to sim.cpython-310.pyc
[0.952s] byte-compiling /home/arepo/vsss_sim/bullet_ws/install/sim/lib/python3.10/site-packages/sim/strat.py to strat.cpython-310.pyc
[0.955s] byte-compiling /home/arepo/vsss_sim/bullet_ws/install/sim/lib/python3.10/site-packages/sim/gui.py to gui.cpython-310.pyc
[0.957s] byte-compiling /home/arepo/vsss_sim/bullet_ws/install/sim/lib/python3.10/site-packages/sim/vision.py to vision.cpython-310.pyc
[0.959s] byte-compiling /home/arepo/vsss_sim/bullet_ws/install/sim/lib/python3.10/site-packages/sim/__init__.py to __init__.cpython-310.pyc
[0.960s] byte-compiling /home/arepo/vsss_sim/bullet_ws/install/sim/lib/python3.10/site-packages/sim/bridge.py to bridge.cpython-310.pyc
[0.961s] byte-compiling /home/arepo/vsss_sim/bullet_ws/install/sim/lib/python3.10/site-packages/sim/strat2.py to strat2.cpython-310.pyc
[0.963s] byte-compiling /home/arepo/vsss_sim/bullet_ws/install/sim/lib/python3.10/site-packages/sim/stratMax.py to stratMax.cpython-310.pyc
[0.964s] byte-compiling /home/arepo/vsss_sim/bullet_ws/install/sim/lib/python3.10/site-packages/sim/tests.py to tests.cpython-310.pyc
[0.964s] byte-compiling /home/arepo/vsss_sim/bullet_ws/install/sim/lib/python3.10/site-packages/sim/comms.py to comms.cpython-310.pyc
[0.965s] running install_data
[0.965s] creating /home/arepo/vsss_sim/bullet_ws/install/sim/share/ament_index
[0.965s] creating /home/arepo/vsss_sim/bullet_ws/install/sim/share/ament_index/resource_index
[0.965s] creating /home/arepo/vsss_sim/bullet_ws/install/sim/share/ament_index/resource_index/packages
[0.965s] copying resource/sim -> /home/arepo/vsss_sim/bullet_ws/install/sim/share/ament_index/resource_index/packages
[0.966s] copying package.xml -> /home/arepo/vsss_sim/bullet_ws/install/sim/share/sim
[0.966s] creating /home/arepo/vsss_sim/bullet_ws/install/sim/share/sim/launch
[0.966s] copying launch/launch_strat.launch.py -> /home/arepo/vsss_sim/bullet_ws/install/sim/share/sim/launch
[0.966s] copying launch/launch_all.launch.py -> /home/arepo/vsss_sim/bullet_ws/install/sim/share/sim/launch
[0.966s] copying launch/launch_sim.launch.py -> /home/arepo/vsss_sim/bullet_ws/install/sim/share/sim/launch
[0.966s] creating /home/arepo/vsss_sim/bullet_ws/install/sim/share/sim/urdf
[0.966s] copying urdf/field.urdf -> /home/arepo/vsss_sim/bullet_ws/install/sim/share/sim/urdf
[0.967s] copying urdf/ball.urdf -> /home/arepo/vsss_sim/bullet_ws/install/sim/share/sim/urdf
[0.976s] copying urdf/robot.urdf -> /home/arepo/vsss_sim/bullet_ws/install/sim/share/sim/urdf
[0.976s] creating /home/arepo/vsss_sim/bullet_ws/install/sim/share/sim/models
[0.976s] copying models/yolo.pt -> /home/arepo/vsss_sim/bullet_ws/install/sim/share/sim/models
[1.087s] creating /home/arepo/vsss_sim/bullet_ws/install/sim/share/sim/meshes
[1.087s] copying meshes/fieldPlane_017.stl -> /home/arepo/vsss_sim/bullet_ws/install/sim/share/sim/meshes
[1.087s] copying meshes/fieldPlane_007.stl -> /home/arepo/vsss_sim/bullet_ws/install/sim/share/sim/meshes
[1.087s] copying meshes/fieldPlane_012.stl -> /home/arepo/vsss_sim/bullet_ws/install/sim/share/sim/meshes
[1.087s] copying meshes/fieldPlane_004.stl -> /home/arepo/vsss_sim/bullet_ws/install/sim/share/sim/meshes
[1.087s] copying meshes/fieldPlane_011.stl -> /home/arepo/vsss_sim/bullet_ws/install/sim/share/sim/meshes
[1.087s] copying meshes/fieldPlane_001.stl -> /home/arepo/vsss_sim/bullet_ws/install/sim/share/sim/meshes
[1.087s] copying meshes/fieldPlane_008.stl -> /home/arepo/vsss_sim/bullet_ws/install/sim/share/sim/meshes
[1.088s] copying meshes/fieldPlane_014.stl -> /home/arepo/vsss_sim/bullet_ws/install/sim/share/sim/meshes
[1.088s] copying meshes/fieldPlane_009.stl -> /home/arepo/vsss_sim/bullet_ws/install/sim/share/sim/meshes
[1.088s] copying meshes/fieldPlane_015.stl -> /home/arepo/vsss_sim/bullet_ws/install/sim/share/sim/meshes
[1.088s] copying meshes/fieldPlane_003.stl -> /home/arepo/vsss_sim/bullet_ws/install/sim/share/sim/meshes
[1.088s] copying meshes/fieldPlane_013.stl -> /home/arepo/vsss_sim/bullet_ws/install/sim/share/sim/meshes
[1.088s] copying meshes/fieldPlane_005.stl -> /home/arepo/vsss_sim/bullet_ws/install/sim/share/sim/meshes
[1.088s] copying meshes/fieldPlane_006.stl -> /home/arepo/vsss_sim/bullet_ws/install/sim/share/sim/meshes
[1.088s] copying meshes/fieldPlane_002.stl -> /home/arepo/vsss_sim/bullet_ws/install/sim/share/sim/meshes
[1.089s] copying meshes/fieldPlane_016.stl -> /home/arepo/vsss_sim/bullet_ws/install/sim/share/sim/meshes
[1.089s] copying meshes/fieldPlane_010.stl -> /home/arepo/vsss_sim/bullet_ws/install/sim/share/sim/meshes
[1.089s] creating /home/arepo/vsss_sim/bullet_ws/install/sim/share/sim/imgs
[1.089s] copying imgs/dst.png -> /home/arepo/vsss_sim/bullet_ws/install/sim/share/sim/imgs
[1.090s] running install_egg_info
[1.106s] Copying ../../build/sim/sim.egg-info to /home/arepo/vsss_sim/bullet_ws/install/sim/lib/python3.10/site-packages/sim-0.0.0-py3.10.egg-info
[1.106s] running install_scripts
[1.256s] Installing bridge script to /home/arepo/vsss_sim/bullet_ws/install/sim/lib/sim
[1.256s] Installing comms script to /home/arepo/vsss_sim/bullet_ws/install/sim/lib/sim
[1.256s] Installing gui script to /home/arepo/vsss_sim/bullet_ws/install/sim/lib/sim
[1.256s] Installing sim script to /home/arepo/vsss_sim/bullet_ws/install/sim/lib/sim
[1.256s] Installing strat script to /home/arepo/vsss_sim/bullet_ws/install/sim/lib/sim
[1.256s] Installing strat2 script to /home/arepo/vsss_sim/bullet_ws/install/sim/lib/sim
[1.256s] Installing stratmax script to /home/arepo/vsss_sim/bullet_ws/install/sim/lib/sim
[1.256s] Installing tests script to /home/arepo/vsss_sim/bullet_ws/install/sim/lib/sim
[1.256s] Installing vision script to /home/arepo/vsss_sim/bullet_ws/install/sim/lib/sim
[1.257s] Installing vision2 script to /home/arepo/vsss_sim/bullet_ws/install/sim/lib/sim
[1.257s] writing list of installed files to '/home/arepo/vsss_sim/bullet_ws/build/sim/install.log'
[1.279s] Invoked command in '/home/arepo/vsss_sim/bullet_ws/src/sim' returned '0': PYTHONPATH=/home/arepo/vsss_sim/bullet_ws/build/sim/prefix_override:/usr/lib/python3/dist-packages/colcon_core/task/python/colcon_distutils_commands:/home/arepo/vsss_sim/bullet_ws/install/sim/lib/python3.10/site-packages:${PYTHONPATH} /usr/bin/python3 -W ignore:setup.py install is deprecated -W ignore:easy_install command is deprecated setup.py egg_info --egg-base ../../build/sim build --build-base /home/arepo/vsss_sim/bullet_ws/build/sim/build install --record /home/arepo/vsss_sim/bullet_ws/build/sim/install.log --single-version-externally-managed install_data
