[0.659s] Invoking command in '/home/arepo/vsss_sim/bullet_ws/src/sim': PYTHONPATH=/home/arepo/vsss_sim/bullet_ws/build/sim/prefix_override:/usr/lib/python3/dist-packages/colcon_core/task/python/colcon_distutils_commands:/home/arepo/vsss_sim/bullet_ws/install/sim/lib/python3.10/site-packages:${PYTHONPATH} /usr/bin/python3 -W ignore:setup.py install is deprecated -W ignore:easy_install command is deprecated setup.py egg_info --egg-base ../../build/sim build --build-base /home/arepo/vsss_sim/bullet_ws/build/sim/build install --record /home/arepo/vsss_sim/bullet_ws/build/sim/install.log --single-version-externally-managed install_data
[0.861s] running egg_info
[0.876s] writing ../../build/sim/sim.egg-info/PKG-INFO
[0.877s] writing dependency_links to ../../build/sim/sim.egg-info/dependency_links.txt
[0.877s] writing entry points to ../../build/sim/sim.egg-info/entry_points.txt
[0.877s] writing requirements to ../../build/sim/sim.egg-info/requires.txt
[0.877s] writing top-level names to ../../build/sim/sim.egg-info/top_level.txt
[0.908s] reading manifest file '../../build/sim/sim.egg-info/SOURCES.txt'
[0.909s] adding license file 'LICENSE'
[0.909s] writing manifest file '../../build/sim/sim.egg-info/SOURCES.txt'
[0.910s] running build
[0.910s] running build_py
[0.910s] copying sim/vision2.py -> /home/arepo/vsss_sim/bullet_ws/build/sim/build/lib/sim
[0.910s] running install
[0.914s] running install_lib
[0.929s] copying /home/arepo/vsss_sim/bullet_ws/build/sim/build/lib/sim/vision2.py -> /home/arepo/vsss_sim/bullet_ws/install/sim/lib/python3.10/site-packages/sim
[0.930s] byte-compiling /home/arepo/vsss_sim/bullet_ws/install/sim/lib/python3.10/site-packages/sim/vision2.py to vision2.cpython-310.pyc
[0.934s] running install_data
[0.934s] running install_egg_info
[0.950s] removing '/home/arepo/vsss_sim/bullet_ws/install/sim/lib/python3.10/site-packages/sim-0.0.0-py3.10.egg-info' (and everything under it)
[0.950s] Copying ../../build/sim/sim.egg-info to /home/arepo/vsss_sim/bullet_ws/install/sim/lib/python3.10/site-packages/sim-0.0.0-py3.10.egg-info
[0.951s] running install_scripts
[1.102s] Installing bridge script to /home/arepo/vsss_sim/bullet_ws/install/sim/lib/sim
[1.102s] Installing comms script to /home/arepo/vsss_sim/bullet_ws/install/sim/lib/sim
[1.103s] Installing gui script to /home/arepo/vsss_sim/bullet_ws/install/sim/lib/sim
[1.103s] Installing sim script to /home/arepo/vsss_sim/bullet_ws/install/sim/lib/sim
[1.103s] Installing strat script to /home/arepo/vsss_sim/bullet_ws/install/sim/lib/sim
[1.103s] Installing strat2 script to /home/arepo/vsss_sim/bullet_ws/install/sim/lib/sim
[1.103s] Installing stratmax script to /home/arepo/vsss_sim/bullet_ws/install/sim/lib/sim
[1.103s] Installing tests script to /home/arepo/vsss_sim/bullet_ws/install/sim/lib/sim
[1.103s] Installing vision script to /home/arepo/vsss_sim/bullet_ws/install/sim/lib/sim
[1.103s] Installing vision2 script to /home/arepo/vsss_sim/bullet_ws/install/sim/lib/sim
[1.104s] writing list of installed files to '/home/arepo/vsss_sim/bullet_ws/build/sim/install.log'
[1.127s] Invoked command in '/home/arepo/vsss_sim/bullet_ws/src/sim' returned '0': PYTHONPATH=/home/arepo/vsss_sim/bullet_ws/build/sim/prefix_override:/usr/lib/python3/dist-packages/colcon_core/task/python/colcon_distutils_commands:/home/arepo/vsss_sim/bullet_ws/install/sim/lib/python3.10/site-packages:${PYTHONPATH} /usr/bin/python3 -W ignore:setup.py install is deprecated -W ignore:easy_install command is deprecated setup.py egg_info --egg-base ../../build/sim build --build-base /home/arepo/vsss_sim/bullet_ws/build/sim/build install --record /home/arepo/vsss_sim/bullet_ws/build/sim/install.log --single-version-externally-managed install_data
