[0.010s] Invoking command in '/home/arepo/vsss_sim/bullet_ws/build/sim_msgs': CMAKE_PREFIX_PATH=${CMAKE_PREFIX_PATH}:/home/arepo/vsss_sim/bullet_ws/install/vision:/home/arepo/vsss_sim/bullet_ws/install/sim:/home/arepo/vsss/bullet_ws/install/vision:/home/arepo/vsss/bullet_ws/install/sim:/opt/ros/humble /home/arepo/.local/bin/cmake /home/arepo/vsss_sim/bullet_ws/src/sim_msgs -DCMAKE_INSTALL_PREFIX=/home/arepo/vsss_sim/bullet_ws/install/sim_msgs
[0.071s] [0mCMake Deprecation Warning at CMakeLists.txt:1 (cmake_minimum_required):
[0.071s]   Compatibility with CMake < 3.10 will be removed from a future version of
[0.072s]   CMake.
[0.072s] 
[0.072s]   Update the VERSION argument <min> value.  Or, use the <min>...<max> syntax
[0.072s]   to tell CMake that the project requires at least <min> but has been updated
[0.072s]   to work with policies introduced by <max> or earlier.
[0.072s] 
[0.072s] [0m
[0.134s] -- The C compiler identification is GNU 11.4.0
[0.202s] -- The CXX compiler identification is GNU 11.4.0
[0.218s] -- Detecting C compiler ABI info
[0.307s] -- Detecting C compiler ABI info - done
[0.321s] -- Check for working C compiler: /usr/bin/cc - skipped
[0.321s] -- Detecting C compile features
[0.322s] -- Detecting C compile features - done
[0.337s] -- Detecting CXX compiler ABI info
[0.401s] -- Detecting CXX compiler ABI info - done
[0.415s] -- Check for working CXX compiler: /usr/bin/c++ - skipped
[0.415s] -- Detecting CXX compile features
[0.416s] -- Detecting CXX compile features - done
[0.434s] -- Found ament_cmake: 1.3.12 (/opt/ros/humble/share/ament_cmake/cmake)
[0.558s] -- Found Python3: /usr/bin/python3 (found version "3.10.12") found components: Interpreter
[0.657s] -- Found rosidl_default_generators: 1.2.0 (/opt/ros/humble/share/rosidl_default_generators/cmake)
[0.661s] -- Using all available rosidl_typesupport_c: rosidl_typesupport_fastrtps_c;rosidl_typesupport_introspection_c
[0.672s] -- Found rosidl_adapter: 3.1.7 (/opt/ros/humble/share/rosidl_adapter/cmake)
[0.733s] -- Using all available rosidl_typesupport_cpp: rosidl_typesupport_fastrtps_cpp;rosidl_typesupport_introspection_cpp
[1.149s] -- Found ament_cmake_ros: 0.10.0 (/opt/ros/humble/share/ament_cmake_ros/cmake)
[1.517s] -- Using all available rosidl_typesupport_c: rosidl_typesupport_fastrtps_c;rosidl_typesupport_introspection_c
[1.985s] -- Using all available rosidl_typesupport_cpp: rosidl_typesupport_fastrtps_cpp;rosidl_typesupport_introspection_cpp
[1.987s] [33mCMake Warning (dev) at /opt/ros/humble/share/rosidl_generator_py/cmake/rosidl_generator_py_generate_interfaces.cmake:20 (find_package):
[1.987s]   Policy CMP0148 is not set: The FindPythonInterp and FindPythonLibs modules
[1.988s]   are removed.  Run "cmake --help-policy CMP0148" for policy details.  Use
[1.988s]   the cmake_policy command to set the policy and suppress this warning.
[1.988s] 
[1.988s] Call Stack (most recent call first):
[1.988s]   /opt/ros/humble/share/ament_cmake_core/cmake/core/ament_execute_extensions.cmake:48 (include)
[1.988s]   /opt/ros/humble/share/rosidl_cmake/cmake/rosidl_generate_interfaces.cmake:286 (ament_execute_extensions)
[1.988s]   CMakeLists.txt:12 (rosidl_generate_interfaces)
[1.988s] This warning is for project developers.  Use -Wno-dev to suppress it.
[1.988s] [0m
[2.006s] -- Found PythonInterp: /usr/bin/python3 (found suitable version "3.10.12", minimum required is "3.6")
[2.009s] -- Found python_cmake_module: 0.10.0 (/opt/ros/humble/share/python_cmake_module/cmake)
[2.010s] [33mCMake Warning (dev) at /opt/ros/humble/share/python_cmake_module/cmake/Modules/FindPythonExtra.cmake:52 (find_package):
[2.010s]   Policy CMP0148 is not set: The FindPythonInterp and FindPythonLibs modules
[2.010s]   are removed.  Run "cmake --help-policy CMP0148" for policy details.  Use
[2.010s]   the cmake_policy command to set the policy and suppress this warning.
[2.010s] 
[2.010s] Call Stack (most recent call first):
[2.010s]   /opt/ros/humble/share/rosidl_generator_py/cmake/rosidl_generator_py_generate_interfaces.cmake:23 (find_package)
[2.010s]   /opt/ros/humble/share/ament_cmake_core/cmake/core/ament_execute_extensions.cmake:48 (include)
[2.010s]   /opt/ros/humble/share/rosidl_cmake/cmake/rosidl_generate_interfaces.cmake:286 (ament_execute_extensions)
[2.010s]   CMakeLists.txt:12 (rosidl_generate_interfaces)
[2.010s] This warning is for project developers.  Use -Wno-dev to suppress it.
[2.010s] [0m
[2.027s] [33mCMake Warning (dev) at /opt/ros/humble/share/python_cmake_module/cmake/Modules/FindPythonExtra.cmake:140 (find_package):
[2.028s]   Policy CMP0148 is not set: The FindPythonInterp and FindPythonLibs modules
[2.028s]   are removed.  Run "cmake --help-policy CMP0148" for policy details.  Use
[2.028s]   the cmake_policy command to set the policy and suppress this warning.
[2.028s] 
[2.028s] Call Stack (most recent call first):
[2.028s]   /opt/ros/humble/share/rosidl_generator_py/cmake/rosidl_generator_py_generate_interfaces.cmake:23 (find_package)
[2.028s]   /opt/ros/humble/share/ament_cmake_core/cmake/core/ament_execute_extensions.cmake:48 (include)
[2.028s]   /opt/ros/humble/share/rosidl_cmake/cmake/rosidl_generate_interfaces.cmake:286 (ament_execute_extensions)
[2.028s]   CMakeLists.txt:12 (rosidl_generate_interfaces)
[2.028s] This warning is for project developers.  Use -Wno-dev to suppress it.
[2.028s] [0m
[2.038s] -- Found PythonLibs: /usr/lib/x86_64-linux-gnu/libpython3.10.so (found suitable version "3.10.12", minimum required is "3.5")
[2.039s] -- Using PYTHON_EXECUTABLE: /usr/bin/python3
[2.039s] -- Using PYTHON_INCLUDE_DIRS: /usr/include/python3.10
[2.039s] -- Using PYTHON_LIBRARIES: /usr/lib/x86_64-linux-gnu/libpython3.10.so
[2.057s] -- Found PythonExtra: .so
[2.088s] -- Found ament_lint_auto: 0.12.14 (/opt/ros/humble/share/ament_lint_auto/cmake)
[2.122s] -- Added test 'lint_cmake' to check CMake code style
[2.124s] -- Added test 'xmllint' to check XML markup files
[2.127s] -- Configuring done (2.1s)
[2.163s] -- Generating done (0.0s)
[2.170s] -- Build files have been written to: /home/arepo/vsss_sim/bullet_ws/build/sim_msgs
[2.177s] Invoked command in '/home/arepo/vsss_sim/bullet_ws/build/sim_msgs' returned '0': CMAKE_PREFIX_PATH=${CMAKE_PREFIX_PATH}:/home/arepo/vsss_sim/bullet_ws/install/vision:/home/arepo/vsss_sim/bullet_ws/install/sim:/home/arepo/vsss/bullet_ws/install/vision:/home/arepo/vsss/bullet_ws/install/sim:/opt/ros/humble /home/arepo/.local/bin/cmake /home/arepo/vsss_sim/bullet_ws/src/sim_msgs -DCMAKE_INSTALL_PREFIX=/home/arepo/vsss_sim/bullet_ws/install/sim_msgs
[2.180s] Invoking command in '/home/arepo/vsss_sim/bullet_ws/build/sim_msgs': CMAKE_PREFIX_PATH=${CMAKE_PREFIX_PATH}:/home/arepo/vsss_sim/bullet_ws/install/vision:/home/arepo/vsss_sim/bullet_ws/install/sim:/home/arepo/vsss/bullet_ws/install/vision:/home/arepo/vsss/bullet_ws/install/sim:/opt/ros/humble /home/arepo/.local/bin/cmake --build /home/arepo/vsss_sim/bullet_ws/build/sim_msgs -- -j16 -l16
[2.257s] [  1%] [1m[34mGenerating C code for ROS interfaces[0m
[2.262s] [  2%] [1m[34mGenerating C++ code for ROS interfaces[0m
[2.266s] [  2%] [0mBuilt target ament_cmake_python_copy_sim_msgs[0m
[2.442s] running egg_info
[2.442s] creating sim_msgs.egg-info
[2.458s] writing sim_msgs.egg-info/PKG-INFO
[2.459s] writing dependency_links to sim_msgs.egg-info/dependency_links.txt
[2.459s] writing top-level names to sim_msgs.egg-info/top_level.txt
[2.459s] writing manifest file 'sim_msgs.egg-info/SOURCES.txt'
[2.506s] reading manifest file 'sim_msgs.egg-info/SOURCES.txt'
[2.507s] writing manifest file 'sim_msgs.egg-info/SOURCES.txt'
[2.526s] [  2%] [0mBuilt target ament_cmake_python_build_sim_msgs_egg[0m
[2.682s] [  2%] [0mBuilt target sim_msgs__cpp[0m
[2.686s] [  5%] [1m[34mGenerating C++ type support for eProsima Fast-RTPS[0m
[2.687s] [  5%] [1m[34mGenerating C++ introspection for ROS interfaces[0m
[2.687s] [  6%] [1m[34mGenerating C++ type support dispatch for ROS interfaces[0m
[2.692s] [  7%] [32mBuilding C object CMakeFiles/sim_msgs__rosidl_generator_c.dir/rosidl_generator_c/sim_msgs/msg/detail/low_cmd__functions.c.o[0m
[2.692s] [ 10%] [32mBuilding C object CMakeFiles/sim_msgs__rosidl_generator_c.dir/rosidl_generator_c/sim_msgs/msg/detail/settings__functions.c.o[0m
[2.692s] [ 10%] [32mBuilding C object CMakeFiles/sim_msgs__rosidl_generator_c.dir/rosidl_generator_c/sim_msgs/msg/detail/high_cmd__functions.c.o[0m
[2.692s] [ 11%] [32mBuilding C object CMakeFiles/sim_msgs__rosidl_generator_c.dir/rosidl_generator_c/sim_msgs/msg/detail/obj_data__functions.c.o[0m
[2.692s] [ 12%] [32mBuilding C object CMakeFiles/sim_msgs__rosidl_generator_c.dir/rosidl_generator_c/sim_msgs/msg/detail/field_data__functions.c.o[0m
[2.693s] [ 13%] [32mBuilding C object CMakeFiles/sim_msgs__rosidl_generator_c.dir/rosidl_generator_c/sim_msgs/srv/detail/controller__functions.c.o[0m
[2.694s] [ 15%] [32mBuilding C object CMakeFiles/sim_msgs__rosidl_generator_c.dir/rosidl_generator_c/sim_msgs/srv/detail/reset__functions.c.o[0m
[2.741s] [ 16%] [1m[32mLinking C shared library libsim_msgs__rosidl_generator_c.so[0m
[2.768s] [ 16%] [0mBuilt target sim_msgs__rosidl_generator_c[0m
[2.773s] [ 20%] [1m[34mGenerating C introspection for ROS interfaces[0m
[2.773s] [ 20%] [1m[34mGenerating C type support for eProsima Fast-RTPS[0m
[2.773s] [ 20%] [1m[34mGenerating C type support dispatch for ROS interfaces[0m
[2.986s] [ 21%] [32mBuilding CXX object CMakeFiles/sim_msgs__rosidl_typesupport_cpp.dir/rosidl_typesupport_cpp/sim_msgs/msg/obj_data__type_support.cpp.o[0m
[2.987s] [ 22%] [32mBuilding CXX object CMakeFiles/sim_msgs__rosidl_typesupport_cpp.dir/rosidl_typesupport_cpp/sim_msgs/msg/low_cmd__type_support.cpp.o[0m
[2.987s] [ 24%] [32mBuilding CXX object CMakeFiles/sim_msgs__rosidl_typesupport_cpp.dir/rosidl_typesupport_cpp/sim_msgs/msg/settings__type_support.cpp.o[0m
[2.987s] [ 26%] [32mBuilding CXX object CMakeFiles/sim_msgs__rosidl_typesupport_cpp.dir/rosidl_typesupport_cpp/sim_msgs/msg/high_cmd__type_support.cpp.o[0m
[2.987s] [ 26%] [32mBuilding CXX object CMakeFiles/sim_msgs__rosidl_typesupport_cpp.dir/rosidl_typesupport_cpp/sim_msgs/msg/field_data__type_support.cpp.o[0m
[2.988s] [ 29%] [32mBuilding CXX object CMakeFiles/sim_msgs__rosidl_typesupport_cpp.dir/rosidl_typesupport_cpp/sim_msgs/srv/reset__type_support.cpp.o[0m
[2.988s] [ 29%] [32mBuilding CXX object CMakeFiles/sim_msgs__rosidl_typesupport_cpp.dir/rosidl_typesupport_cpp/sim_msgs/srv/controller__type_support.cpp.o[0m
[3.086s] [ 32%] [32mBuilding CXX object CMakeFiles/sim_msgs__rosidl_typesupport_introspection_cpp.dir/rosidl_typesupport_introspection_cpp/sim_msgs/msg/detail/high_cmd__type_support.cpp.o[0m
[3.087s] [ 32%] [32mBuilding CXX object CMakeFiles/sim_msgs__rosidl_typesupport_introspection_cpp.dir/rosidl_typesupport_introspection_cpp/sim_msgs/msg/detail/obj_data__type_support.cpp.o[0m
[3.087s] [ 32%] [32mBuilding CXX object CMakeFiles/sim_msgs__rosidl_typesupport_introspection_cpp.dir/rosidl_typesupport_introspection_cpp/sim_msgs/msg/detail/low_cmd__type_support.cpp.o[0m
[3.087s] [ 34%] [32mBuilding CXX object CMakeFiles/sim_msgs__rosidl_typesupport_introspection_cpp.dir/rosidl_typesupport_introspection_cpp/sim_msgs/msg/detail/field_data__type_support.cpp.o[0m
[3.087s] [ 35%] [32mBuilding CXX object CMakeFiles/sim_msgs__rosidl_typesupport_introspection_cpp.dir/rosidl_typesupport_introspection_cpp/sim_msgs/msg/detail/settings__type_support.cpp.o[0m
[3.139s] [ 36%] [32mBuilding CXX object CMakeFiles/sim_msgs__rosidl_typesupport_c.dir/rosidl_typesupport_c/sim_msgs/msg/low_cmd__type_support.cpp.o[0m
[3.183s] [ 37%] [32mBuilding CXX object CMakeFiles/sim_msgs__rosidl_typesupport_c.dir/rosidl_typesupport_c/sim_msgs/msg/high_cmd__type_support.cpp.o[0m
[3.220s] [ 39%] [32mBuilding CXX object CMakeFiles/sim_msgs__rosidl_typesupport_c.dir/rosidl_typesupport_c/sim_msgs/msg/obj_data__type_support.cpp.o[0m
[3.252s] [ 40%] [32mBuilding CXX object CMakeFiles/sim_msgs__rosidl_typesupport_c.dir/rosidl_typesupport_c/sim_msgs/msg/field_data__type_support.cpp.o[0m
[3.262s] [ 41%] [32mBuilding C object CMakeFiles/sim_msgs__rosidl_typesupport_introspection_c.dir/rosidl_typesupport_introspection_c/sim_msgs/msg/detail/low_cmd__type_support.c.o[0m
[3.268s] [ 43%] [32mBuilding CXX object CMakeFiles/sim_msgs__rosidl_typesupport_fastrtps_cpp.dir/rosidl_typesupport_fastrtps_cpp/sim_msgs/msg/detail/dds_fastrtps/low_cmd__type_support.cpp.o[0m
[3.289s] [ 44%] [32mBuilding CXX object CMakeFiles/sim_msgs__rosidl_typesupport_c.dir/rosidl_typesupport_c/sim_msgs/msg/settings__type_support.cpp.o[0m
[3.301s] [ 46%] [32mBuilding CXX object CMakeFiles/sim_msgs__rosidl_typesupport_introspection_cpp.dir/rosidl_typesupport_introspection_cpp/sim_msgs/srv/detail/controller__type_support.cpp.o[0m
[3.301s] [ 46%] [32mBuilding CXX object CMakeFiles/sim_msgs__rosidl_typesupport_fastrtps_cpp.dir/rosidl_typesupport_fastrtps_cpp/sim_msgs/msg/detail/dds_fastrtps/high_cmd__type_support.cpp.o[0m
[3.307s] [ 48%] [32mBuilding C object CMakeFiles/sim_msgs__rosidl_typesupport_introspection_c.dir/rosidl_typesupport_introspection_c/sim_msgs/msg/detail/high_cmd__type_support.c.o[0m
[3.311s] [ 49%] [32mBuilding CXX object CMakeFiles/sim_msgs__rosidl_typesupport_fastrtps_cpp.dir/rosidl_typesupport_fastrtps_cpp/sim_msgs/msg/detail/dds_fastrtps/obj_data__type_support.cpp.o[0m
[3.326s] [ 50%] [32mBuilding CXX object CMakeFiles/sim_msgs__rosidl_typesupport_c.dir/rosidl_typesupport_c/sim_msgs/srv/controller__type_support.cpp.o[0m
[3.342s] [ 51%] [32mBuilding C object CMakeFiles/sim_msgs__rosidl_typesupport_introspection_c.dir/rosidl_typesupport_introspection_c/sim_msgs/msg/detail/obj_data__type_support.c.o[0m
[3.347s] [ 54%] [32mBuilding CXX object CMakeFiles/sim_msgs__rosidl_typesupport_introspection_cpp.dir/rosidl_typesupport_introspection_cpp/sim_msgs/srv/detail/reset__type_support.cpp.o[0m
[3.347s] [ 54%] [32mBuilding CXX object CMakeFiles/sim_msgs__rosidl_typesupport_c.dir/rosidl_typesupport_c/sim_msgs/srv/reset__type_support.cpp.o[0m
[3.351s] [ 55%] [32mBuilding CXX object CMakeFiles/sim_msgs__rosidl_typesupport_fastrtps_cpp.dir/rosidl_typesupport_fastrtps_cpp/sim_msgs/msg/detail/dds_fastrtps/field_data__type_support.cpp.o[0m
[3.351s] [ 56%] [1m[32mLinking CXX shared library libsim_msgs__rosidl_typesupport_cpp.so[0m
[3.367s] [ 58%] [32mBuilding CXX object CMakeFiles/sim_msgs__rosidl_typesupport_fastrtps_cpp.dir/rosidl_typesupport_fastrtps_cpp/sim_msgs/msg/detail/dds_fastrtps/settings__type_support.cpp.o[0m
[3.378s] [ 59%] [32mBuilding CXX object CMakeFiles/sim_msgs__rosidl_typesupport_fastrtps_c.dir/rosidl_typesupport_fastrtps_c/sim_msgs/msg/detail/low_cmd__type_support_c.cpp.o[0m
[3.383s] [ 60%] [32mBuilding C object CMakeFiles/sim_msgs__rosidl_typesupport_introspection_c.dir/rosidl_typesupport_introspection_c/sim_msgs/msg/detail/field_data__type_support.c.o[0m
[3.386s] [ 62%] [1m[32mLinking CXX shared library libsim_msgs__rosidl_typesupport_c.so[0m
[3.400s] [ 62%] [0mBuilt target sim_msgs__rosidl_typesupport_cpp[0m
[3.408s] [ 63%] [32mBuilding CXX object CMakeFiles/sim_msgs__rosidl_typesupport_fastrtps_c.dir/rosidl_typesupport_fastrtps_c/sim_msgs/msg/detail/high_cmd__type_support_c.cpp.o[0m
[3.428s] [ 64%] [32mBuilding C object CMakeFiles/sim_msgs__rosidl_typesupport_introspection_c.dir/rosidl_typesupport_introspection_c/sim_msgs/msg/detail/settings__type_support.c.o[0m
[3.436s] [ 64%] [0mBuilt target sim_msgs__rosidl_typesupport_c[0m
[3.442s] [ 65%] [32mBuilding CXX object CMakeFiles/sim_msgs__rosidl_typesupport_fastrtps_c.dir/rosidl_typesupport_fastrtps_c/sim_msgs/msg/detail/obj_data__type_support_c.cpp.o[0m
[3.472s] [ 67%] [32mBuilding C object CMakeFiles/sim_msgs__rosidl_typesupport_introspection_c.dir/rosidl_typesupport_introspection_c/sim_msgs/srv/detail/controller__type_support.c.o[0m
[3.523s] [ 68%] [32mBuilding C object CMakeFiles/sim_msgs__rosidl_typesupport_introspection_c.dir/rosidl_typesupport_introspection_c/sim_msgs/srv/detail/reset__type_support.c.o[0m
[3.567s] [ 69%] [1m[32mLinking C shared library libsim_msgs__rosidl_typesupport_introspection_c.so[0m
[3.609s] [ 69%] [0mBuilt target sim_msgs__rosidl_typesupport_introspection_c[0m
[3.609s] [ 70%] [32mBuilding CXX object CMakeFiles/sim_msgs__rosidl_typesupport_fastrtps_cpp.dir/rosidl_typesupport_fastrtps_cpp/sim_msgs/srv/detail/dds_fastrtps/controller__type_support.cpp.o[0m
[3.612s] [ 72%] [32mBuilding CXX object CMakeFiles/sim_msgs__rosidl_typesupport_fastrtps_c.dir/rosidl_typesupport_fastrtps_c/sim_msgs/msg/detail/field_data__type_support_c.cpp.o[0m
[3.613s] [ 73%] [32mBuilding CXX object CMakeFiles/sim_msgs__rosidl_typesupport_fastrtps_cpp.dir/rosidl_typesupport_fastrtps_cpp/sim_msgs/srv/detail/dds_fastrtps/reset__type_support.cpp.o[0m
[3.617s] [ 74%] [32mBuilding CXX object CMakeFiles/sim_msgs__rosidl_typesupport_fastrtps_c.dir/rosidl_typesupport_fastrtps_c/sim_msgs/msg/detail/settings__type_support_c.cpp.o[0m
[3.632s] [ 75%] [32mBuilding CXX object CMakeFiles/sim_msgs__rosidl_typesupport_fastrtps_c.dir/rosidl_typesupport_fastrtps_c/sim_msgs/srv/detail/controller__type_support_c.cpp.o[0m
[3.632s] [ 77%] [32mBuilding CXX object CMakeFiles/sim_msgs__rosidl_typesupport_fastrtps_c.dir/rosidl_typesupport_fastrtps_c/sim_msgs/srv/detail/reset__type_support_c.cpp.o[0m
[3.876s] [ 78%] [1m[32mLinking CXX shared library libsim_msgs__rosidl_typesupport_introspection_cpp.so[0m
[3.935s] [ 78%] [0mBuilt target sim_msgs__rosidl_typesupport_introspection_cpp[0m
[4.017s] [ 79%] [1m[32mLinking CXX shared library libsim_msgs__rosidl_typesupport_fastrtps_c.so[0m
[4.053s] [ 81%] [1m[32mLinking CXX shared library libsim_msgs__rosidl_typesupport_fastrtps_cpp.so[0m
[4.081s] [ 81%] [0mBuilt target sim_msgs__rosidl_typesupport_fastrtps_c[0m
[4.109s] [ 81%] [0mBuilt target sim_msgs__rosidl_typesupport_fastrtps_cpp[0m
[4.120s] [ 81%] [0mBuilt target sim_msgs[0m
[4.133s] [ 82%] [1m[34mGenerating Python code for ROS interfaces[0m
[4.798s] [ 82%] [0mBuilt target sim_msgs__py[0m
[4.809s] [ 84%] [32mBuilding C object CMakeFiles/sim_msgs__rosidl_generator_py.dir/rosidl_generator_py/sim_msgs/msg/_low_cmd_s.c.o[0m
[4.809s] [ 84%] [32mBuilding C object CMakeFiles/sim_msgs__rosidl_generator_py.dir/rosidl_generator_py/sim_msgs/msg/_high_cmd_s.c.o[0m
[4.809s] [ 88%] [32mBuilding C object CMakeFiles/sim_msgs__rosidl_generator_py.dir/rosidl_generator_py/sim_msgs/msg/_obj_data_s.c.o[0m
[4.809s] [ 88%] [32mBuilding C object CMakeFiles/sim_msgs__rosidl_generator_py.dir/rosidl_generator_py/sim_msgs/msg/_settings_s.c.o[0m
[4.809s] [ 88%] [32mBuilding C object CMakeFiles/sim_msgs__rosidl_generator_py.dir/rosidl_generator_py/sim_msgs/srv/_controller_s.c.o[0m
[4.809s] [ 89%] [32mBuilding C object CMakeFiles/sim_msgs__rosidl_generator_py.dir/rosidl_generator_py/sim_msgs/msg/_field_data_s.c.o[0m
[4.810s] [ 91%] [32mBuilding C object CMakeFiles/sim_msgs__rosidl_generator_py.dir/rosidl_generator_py/sim_msgs/srv/_reset_s.c.o[0m
[4.889s] [ 92%] [1m[32mLinking C shared library rosidl_generator_py/sim_msgs/libsim_msgs__rosidl_generator_py.so[0m
[4.918s] [ 92%] [0mBuilt target sim_msgs__rosidl_generator_py[0m
[4.928s] [ 94%] [32mBuilding C object CMakeFiles/sim_msgs__rosidl_typesupport_introspection_c__pyext.dir/rosidl_generator_py/sim_msgs/_sim_msgs_s.ep.rosidl_typesupport_introspection_c.c.o[0m
[4.928s] [ 94%] [32mBuilding C object CMakeFiles/sim_msgs__rosidl_typesupport_fastrtps_c__pyext.dir/rosidl_generator_py/sim_msgs/_sim_msgs_s.ep.rosidl_typesupport_fastrtps_c.c.o[0m
[4.928s] [ 96%] [32mBuilding C object CMakeFiles/sim_msgs__rosidl_typesupport_c__pyext.dir/rosidl_generator_py/sim_msgs/_sim_msgs_s.ep.rosidl_typesupport_c.c.o[0m
[5.008s] [ 97%] [1m[32mLinking C shared library rosidl_generator_py/sim_msgs/sim_msgs_s__rosidl_typesupport_c.cpython-310-x86_64-linux-gnu.so[0m
[5.009s] [ 98%] [1m[32mLinking C shared library rosidl_generator_py/sim_msgs/sim_msgs_s__rosidl_typesupport_introspection_c.cpython-310-x86_64-linux-gnu.so[0m
[5.012s] [100%] [1m[32mLinking C shared library rosidl_generator_py/sim_msgs/sim_msgs_s__rosidl_typesupport_fastrtps_c.cpython-310-x86_64-linux-gnu.so[0m
[5.028s] [100%] [0mBuilt target sim_msgs__rosidl_typesupport_c__pyext[0m
[5.029s] [100%] [0mBuilt target sim_msgs__rosidl_typesupport_introspection_c__pyext[0m
[5.035s] [100%] [0mBuilt target sim_msgs__rosidl_typesupport_fastrtps_c__pyext[0m
[5.043s] Invoked command in '/home/arepo/vsss_sim/bullet_ws/build/sim_msgs' returned '0': CMAKE_PREFIX_PATH=${CMAKE_PREFIX_PATH}:/home/arepo/vsss_sim/bullet_ws/install/vision:/home/arepo/vsss_sim/bullet_ws/install/sim:/home/arepo/vsss/bullet_ws/install/vision:/home/arepo/vsss/bullet_ws/install/sim:/opt/ros/humble /home/arepo/.local/bin/cmake --build /home/arepo/vsss_sim/bullet_ws/build/sim_msgs -- -j16 -l16
[5.107s] Invoking command in '/home/arepo/vsss_sim/bullet_ws/build/sim_msgs': CMAKE_PREFIX_PATH=${CMAKE_PREFIX_PATH}:/home/arepo/vsss_sim/bullet_ws/install/vision:/home/arepo/vsss_sim/bullet_ws/install/sim:/home/arepo/vsss/bullet_ws/install/vision:/home/arepo/vsss/bullet_ws/install/sim:/opt/ros/humble /home/arepo/.local/bin/cmake --install /home/arepo/vsss_sim/bullet_ws/build/sim_msgs
[5.164s] -- Install configuration: ""
[5.165s] -- Installing: /home/arepo/vsss_sim/bullet_ws/install/sim_msgs/share/ament_index/resource_index/rosidl_interfaces/sim_msgs
[5.165s] -- Installing: /home/arepo/vsss_sim/bullet_ws/install/sim_msgs/include/sim_msgs/sim_msgs
[5.165s] -- Installing: /home/arepo/vsss_sim/bullet_ws/install/sim_msgs/include/sim_msgs/sim_msgs/srv
[5.165s] -- Installing: /home/arepo/vsss_sim/bullet_ws/install/sim_msgs/include/sim_msgs/sim_msgs/srv/reset.h
[5.165s] -- Installing: /home/arepo/vsss_sim/bullet_ws/install/sim_msgs/include/sim_msgs/sim_msgs/srv/detail
[5.165s] -- Installing: /home/arepo/vsss_sim/bullet_ws/install/sim_msgs/include/sim_msgs/sim_msgs/srv/detail/reset__functions.h
[5.165s] -- Installing: /home/arepo/vsss_sim/bullet_ws/install/sim_msgs/include/sim_msgs/sim_msgs/srv/detail/controller__functions.c
[5.165s] -- Installing: /home/arepo/vsss_sim/bullet_ws/install/sim_msgs/include/sim_msgs/sim_msgs/srv/detail/controller__functions.h
[5.165s] -- Installing: /home/arepo/vsss_sim/bullet_ws/install/sim_msgs/include/sim_msgs/sim_msgs/srv/detail/controller__type_support.h
[5.165s] -- Installing: /home/arepo/vsss_sim/bullet_ws/install/sim_msgs/include/sim_msgs/sim_msgs/srv/detail/reset__type_support.h
[5.165s] -- Installing: /home/arepo/vsss_sim/bullet_ws/install/sim_msgs/include/sim_msgs/sim_msgs/srv/detail/reset__struct.h
[5.165s] -- Installing: /home/arepo/vsss_sim/bullet_ws/install/sim_msgs/include/sim_msgs/sim_msgs/srv/detail/controller__struct.h
[5.166s] -- Installing: /home/arepo/vsss_sim/bullet_ws/install/sim_msgs/include/sim_msgs/sim_msgs/srv/detail/reset__functions.c
[5.166s] -- Installing: /home/arepo/vsss_sim/bullet_ws/install/sim_msgs/include/sim_msgs/sim_msgs/srv/controller.h
[5.166s] -- Installing: /home/arepo/vsss_sim/bullet_ws/install/sim_msgs/include/sim_msgs/sim_msgs/msg
[5.166s] -- Installing: /home/arepo/vsss_sim/bullet_ws/install/sim_msgs/include/sim_msgs/sim_msgs/msg/high_cmd.h
[5.166s] -- Installing: /home/arepo/vsss_sim/bullet_ws/install/sim_msgs/include/sim_msgs/sim_msgs/msg/field_data.h
[5.166s] -- Installing: /home/arepo/vsss_sim/bullet_ws/install/sim_msgs/include/sim_msgs/sim_msgs/msg/low_cmd.h
[5.166s] -- Installing: /home/arepo/vsss_sim/bullet_ws/install/sim_msgs/include/sim_msgs/sim_msgs/msg/detail
[5.166s] -- Installing: /home/arepo/vsss_sim/bullet_ws/install/sim_msgs/include/sim_msgs/sim_msgs/msg/detail/low_cmd__functions.h
[5.166s] -- Installing: /home/arepo/vsss_sim/bullet_ws/install/sim_msgs/include/sim_msgs/sim_msgs/msg/detail/high_cmd__functions.h
[5.166s] -- Installing: /home/arepo/vsss_sim/bullet_ws/install/sim_msgs/include/sim_msgs/sim_msgs/msg/detail/low_cmd__struct.h
[5.166s] -- Installing: /home/arepo/vsss_sim/bullet_ws/install/sim_msgs/include/sim_msgs/sim_msgs/msg/detail/obj_data__functions.h
[5.167s] -- Installing: /home/arepo/vsss_sim/bullet_ws/install/sim_msgs/include/sim_msgs/sim_msgs/msg/detail/settings__struct.h
[5.167s] -- Installing: /home/arepo/vsss_sim/bullet_ws/install/sim_msgs/include/sim_msgs/sim_msgs/msg/detail/low_cmd__type_support.h
[5.167s] -- Installing: /home/arepo/vsss_sim/bullet_ws/install/sim_msgs/include/sim_msgs/sim_msgs/msg/detail/high_cmd__struct.h
[5.167s] -- Installing: /home/arepo/vsss_sim/bullet_ws/install/sim_msgs/include/sim_msgs/sim_msgs/msg/detail/high_cmd__functions.c
[5.167s] -- Installing: /home/arepo/vsss_sim/bullet_ws/install/sim_msgs/include/sim_msgs/sim_msgs/msg/detail/field_data__functions.c
[5.167s] -- Installing: /home/arepo/vsss_sim/bullet_ws/install/sim_msgs/include/sim_msgs/sim_msgs/msg/detail/obj_data__struct.h
[5.167s] -- Installing: /home/arepo/vsss_sim/bullet_ws/install/sim_msgs/include/sim_msgs/sim_msgs/msg/detail/settings__type_support.h
[5.167s] -- Installing: /home/arepo/vsss_sim/bullet_ws/install/sim_msgs/include/sim_msgs/sim_msgs/msg/detail/settings__functions.c
[5.167s] -- Installing: /home/arepo/vsss_sim/bullet_ws/install/sim_msgs/include/sim_msgs/sim_msgs/msg/detail/settings__functions.h
[5.167s] -- Installing: /home/arepo/vsss_sim/bullet_ws/install/sim_msgs/include/sim_msgs/sim_msgs/msg/detail/high_cmd__type_support.h
[5.167s] -- Installing: /home/arepo/vsss_sim/bullet_ws/install/sim_msgs/include/sim_msgs/sim_msgs/msg/detail/field_data__type_support.h
[5.168s] -- Installing: /home/arepo/vsss_sim/bullet_ws/install/sim_msgs/include/sim_msgs/sim_msgs/msg/detail/field_data__struct.h
[5.168s] -- Installing: /home/arepo/vsss_sim/bullet_ws/install/sim_msgs/include/sim_msgs/sim_msgs/msg/detail/low_cmd__functions.c
[5.168s] -- Installing: /home/arepo/vsss_sim/bullet_ws/install/sim_msgs/include/sim_msgs/sim_msgs/msg/detail/obj_data__type_support.h
[5.168s] -- Installing: /home/arepo/vsss_sim/bullet_ws/install/sim_msgs/include/sim_msgs/sim_msgs/msg/detail/field_data__functions.h
[5.168s] -- Installing: /home/arepo/vsss_sim/bullet_ws/install/sim_msgs/include/sim_msgs/sim_msgs/msg/detail/obj_data__functions.c
[5.168s] -- Installing: /home/arepo/vsss_sim/bullet_ws/install/sim_msgs/include/sim_msgs/sim_msgs/msg/obj_data.h
[5.168s] -- Installing: /home/arepo/vsss_sim/bullet_ws/install/sim_msgs/include/sim_msgs/sim_msgs/msg/settings.h
[5.168s] -- Installing: /home/arepo/vsss_sim/bullet_ws/install/sim_msgs/include/sim_msgs/sim_msgs/msg/rosidl_generator_c__visibility_control.h
[5.168s] -- Installing: /home/arepo/vsss_sim/bullet_ws/install/sim_msgs/share/sim_msgs/environment/library_path.sh
[5.169s] -- Installing: /home/arepo/vsss_sim/bullet_ws/install/sim_msgs/share/sim_msgs/environment/library_path.dsv
[5.169s] -- Installing: /home/arepo/vsss_sim/bullet_ws/install/sim_msgs/lib/libsim_msgs__rosidl_generator_c.so
[5.169s] -- Set non-toolchain portion of runtime path of "/home/arepo/vsss_sim/bullet_ws/install/sim_msgs/lib/libsim_msgs__rosidl_generator_c.so" to ""
[5.169s] -- Up-to-date: /home/arepo/vsss_sim/bullet_ws/install/sim_msgs/include/sim_msgs/sim_msgs
[5.169s] -- Up-to-date: /home/arepo/vsss_sim/bullet_ws/install/sim_msgs/include/sim_msgs/sim_msgs/srv
[5.169s] -- Up-to-date: /home/arepo/vsss_sim/bullet_ws/install/sim_msgs/include/sim_msgs/sim_msgs/srv/detail
[5.169s] -- Installing: /home/arepo/vsss_sim/bullet_ws/install/sim_msgs/include/sim_msgs/sim_msgs/srv/detail/reset__rosidl_typesupport_fastrtps_c.h
[5.169s] -- Installing: /home/arepo/vsss_sim/bullet_ws/install/sim_msgs/include/sim_msgs/sim_msgs/srv/detail/controller__rosidl_typesupport_fastrtps_c.h
[5.170s] -- Up-to-date: /home/arepo/vsss_sim/bullet_ws/install/sim_msgs/include/sim_msgs/sim_msgs/msg
[5.170s] -- Installing: /home/arepo/vsss_sim/bullet_ws/install/sim_msgs/include/sim_msgs/sim_msgs/msg/rosidl_typesupport_fastrtps_c__visibility_control.h
[5.170s] -- Up-to-date: /home/arepo/vsss_sim/bullet_ws/install/sim_msgs/include/sim_msgs/sim_msgs/msg/detail
[5.170s] -- Installing: /home/arepo/vsss_sim/bullet_ws/install/sim_msgs/include/sim_msgs/sim_msgs/msg/detail/field_data__rosidl_typesupport_fastrtps_c.h
[5.170s] -- Installing: /home/arepo/vsss_sim/bullet_ws/install/sim_msgs/include/sim_msgs/sim_msgs/msg/detail/obj_data__rosidl_typesupport_fastrtps_c.h
[5.170s] -- Installing: /home/arepo/vsss_sim/bullet_ws/install/sim_msgs/include/sim_msgs/sim_msgs/msg/detail/low_cmd__rosidl_typesupport_fastrtps_c.h
[5.170s] -- Installing: /home/arepo/vsss_sim/bullet_ws/install/sim_msgs/include/sim_msgs/sim_msgs/msg/detail/high_cmd__rosidl_typesupport_fastrtps_c.h
[5.170s] -- Installing: /home/arepo/vsss_sim/bullet_ws/install/sim_msgs/include/sim_msgs/sim_msgs/msg/detail/settings__rosidl_typesupport_fastrtps_c.h
[5.170s] -- Installing: /home/arepo/vsss_sim/bullet_ws/install/sim_msgs/lib/libsim_msgs__rosidl_typesupport_fastrtps_c.so
[5.171s] -- Set non-toolchain portion of runtime path of "/home/arepo/vsss_sim/bullet_ws/install/sim_msgs/lib/libsim_msgs__rosidl_typesupport_fastrtps_c.so" to ""
[5.171s] -- Up-to-date: /home/arepo/vsss_sim/bullet_ws/install/sim_msgs/include/sim_msgs/sim_msgs
[5.171s] -- Up-to-date: /home/arepo/vsss_sim/bullet_ws/install/sim_msgs/include/sim_msgs/sim_msgs/srv
[5.171s] -- Up-to-date: /home/arepo/vsss_sim/bullet_ws/install/sim_msgs/include/sim_msgs/sim_msgs/srv/detail
[5.171s] -- Installing: /home/arepo/vsss_sim/bullet_ws/install/sim_msgs/include/sim_msgs/sim_msgs/srv/detail/controller__type_support.c
[5.171s] -- Installing: /home/arepo/vsss_sim/bullet_ws/install/sim_msgs/include/sim_msgs/sim_msgs/srv/detail/reset__type_support.c
[5.171s] -- Installing: /home/arepo/vsss_sim/bullet_ws/install/sim_msgs/include/sim_msgs/sim_msgs/srv/detail/controller__rosidl_typesupport_introspection_c.h
[5.171s] -- Installing: /home/arepo/vsss_sim/bullet_ws/install/sim_msgs/include/sim_msgs/sim_msgs/srv/detail/reset__rosidl_typesupport_introspection_c.h
[5.171s] -- Up-to-date: /home/arepo/vsss_sim/bullet_ws/install/sim_msgs/include/sim_msgs/sim_msgs/msg
[5.171s] -- Installing: /home/arepo/vsss_sim/bullet_ws/install/sim_msgs/include/sim_msgs/sim_msgs/msg/rosidl_typesupport_introspection_c__visibility_control.h
[5.172s] -- Up-to-date: /home/arepo/vsss_sim/bullet_ws/install/sim_msgs/include/sim_msgs/sim_msgs/msg/detail
[5.172s] -- Installing: /home/arepo/vsss_sim/bullet_ws/install/sim_msgs/include/sim_msgs/sim_msgs/msg/detail/high_cmd__rosidl_typesupport_introspection_c.h
[5.172s] -- Installing: /home/arepo/vsss_sim/bullet_ws/install/sim_msgs/include/sim_msgs/sim_msgs/msg/detail/field_data__type_support.c
[5.172s] -- Installing: /home/arepo/vsss_sim/bullet_ws/install/sim_msgs/include/sim_msgs/sim_msgs/msg/detail/obj_data__type_support.c
[5.172s] -- Installing: /home/arepo/vsss_sim/bullet_ws/install/sim_msgs/include/sim_msgs/sim_msgs/msg/detail/low_cmd__rosidl_typesupport_introspection_c.h
[5.172s] -- Installing: /home/arepo/vsss_sim/bullet_ws/install/sim_msgs/include/sim_msgs/sim_msgs/msg/detail/high_cmd__type_support.c
[5.172s] -- Installing: /home/arepo/vsss_sim/bullet_ws/install/sim_msgs/include/sim_msgs/sim_msgs/msg/detail/settings__rosidl_typesupport_introspection_c.h
[5.172s] -- Installing: /home/arepo/vsss_sim/bullet_ws/install/sim_msgs/include/sim_msgs/sim_msgs/msg/detail/field_data__rosidl_typesupport_introspection_c.h
[5.172s] -- Installing: /home/arepo/vsss_sim/bullet_ws/install/sim_msgs/include/sim_msgs/sim_msgs/msg/detail/low_cmd__type_support.c
[5.172s] -- Installing: /home/arepo/vsss_sim/bullet_ws/install/sim_msgs/include/sim_msgs/sim_msgs/msg/detail/settings__type_support.c
[5.172s] -- Installing: /home/arepo/vsss_sim/bullet_ws/install/sim_msgs/include/sim_msgs/sim_msgs/msg/detail/obj_data__rosidl_typesupport_introspection_c.h
[5.173s] -- Installing: /home/arepo/vsss_sim/bullet_ws/install/sim_msgs/lib/libsim_msgs__rosidl_typesupport_introspection_c.so
[5.173s] -- Set non-toolchain portion of runtime path of "/home/arepo/vsss_sim/bullet_ws/install/sim_msgs/lib/libsim_msgs__rosidl_typesupport_introspection_c.so" to ""
[5.173s] -- Installing: /home/arepo/vsss_sim/bullet_ws/install/sim_msgs/lib/libsim_msgs__rosidl_typesupport_c.so
[5.173s] -- Set non-toolchain portion of runtime path of "/home/arepo/vsss_sim/bullet_ws/install/sim_msgs/lib/libsim_msgs__rosidl_typesupport_c.so" to ""
[5.173s] -- Up-to-date: /home/arepo/vsss_sim/bullet_ws/install/sim_msgs/include/sim_msgs/sim_msgs
[5.173s] -- Up-to-date: /home/arepo/vsss_sim/bullet_ws/install/sim_msgs/include/sim_msgs/sim_msgs/srv
[5.173s] -- Up-to-date: /home/arepo/vsss_sim/bullet_ws/install/sim_msgs/include/sim_msgs/sim_msgs/srv/detail
[5.173s] -- Installing: /home/arepo/vsss_sim/bullet_ws/install/sim_msgs/include/sim_msgs/sim_msgs/srv/detail/controller__struct.hpp
[5.174s] -- Installing: /home/arepo/vsss_sim/bullet_ws/install/sim_msgs/include/sim_msgs/sim_msgs/srv/detail/controller__traits.hpp
[5.174s] -- Installing: /home/arepo/vsss_sim/bullet_ws/install/sim_msgs/include/sim_msgs/sim_msgs/srv/detail/reset__builder.hpp
[5.174s] -- Installing: /home/arepo/vsss_sim/bullet_ws/install/sim_msgs/include/sim_msgs/sim_msgs/srv/detail/controller__type_support.hpp
[5.174s] -- Installing: /home/arepo/vsss_sim/bullet_ws/install/sim_msgs/include/sim_msgs/sim_msgs/srv/detail/controller__builder.hpp
[5.174s] -- Installing: /home/arepo/vsss_sim/bullet_ws/install/sim_msgs/include/sim_msgs/sim_msgs/srv/detail/reset__traits.hpp
[5.174s] -- Installing: /home/arepo/vsss_sim/bullet_ws/install/sim_msgs/include/sim_msgs/sim_msgs/srv/detail/reset__type_support.hpp
[5.174s] -- Installing: /home/arepo/vsss_sim/bullet_ws/install/sim_msgs/include/sim_msgs/sim_msgs/srv/detail/reset__struct.hpp
[5.174s] -- Installing: /home/arepo/vsss_sim/bullet_ws/install/sim_msgs/include/sim_msgs/sim_msgs/srv/reset.hpp
[5.174s] -- Installing: /home/arepo/vsss_sim/bullet_ws/install/sim_msgs/include/sim_msgs/sim_msgs/srv/controller.hpp
[5.174s] -- Up-to-date: /home/arepo/vsss_sim/bullet_ws/install/sim_msgs/include/sim_msgs/sim_msgs/msg
[5.174s] -- Installing: /home/arepo/vsss_sim/bullet_ws/install/sim_msgs/include/sim_msgs/sim_msgs/msg/low_cmd.hpp
[5.175s] -- Up-to-date: /home/arepo/vsss_sim/bullet_ws/install/sim_msgs/include/sim_msgs/sim_msgs/msg/detail
[5.175s] -- Installing: /home/arepo/vsss_sim/bullet_ws/install/sim_msgs/include/sim_msgs/sim_msgs/msg/detail/low_cmd__type_support.hpp
[5.175s] -- Installing: /home/arepo/vsss_sim/bullet_ws/install/sim_msgs/include/sim_msgs/sim_msgs/msg/detail/settings__type_support.hpp
[5.175s] -- Installing: /home/arepo/vsss_sim/bullet_ws/install/sim_msgs/include/sim_msgs/sim_msgs/msg/detail/high_cmd__type_support.hpp
[5.175s] -- Installing: /home/arepo/vsss_sim/bullet_ws/install/sim_msgs/include/sim_msgs/sim_msgs/msg/detail/obj_data__traits.hpp
[5.175s] -- Installing: /home/arepo/vsss_sim/bullet_ws/install/sim_msgs/include/sim_msgs/sim_msgs/msg/detail/low_cmd__traits.hpp
[5.175s] -- Installing: /home/arepo/vsss_sim/bullet_ws/install/sim_msgs/include/sim_msgs/sim_msgs/msg/detail/high_cmd__struct.hpp
[5.175s] -- Installing: /home/arepo/vsss_sim/bullet_ws/install/sim_msgs/include/sim_msgs/sim_msgs/msg/detail/field_data__traits.hpp
[5.175s] -- Installing: /home/arepo/vsss_sim/bullet_ws/install/sim_msgs/include/sim_msgs/sim_msgs/msg/detail/settings__builder.hpp
[5.175s] -- Installing: /home/arepo/vsss_sim/bullet_ws/install/sim_msgs/include/sim_msgs/sim_msgs/msg/detail/low_cmd__builder.hpp
[5.176s] -- Installing: /home/arepo/vsss_sim/bullet_ws/install/sim_msgs/include/sim_msgs/sim_msgs/msg/detail/field_data__type_support.hpp
[5.176s] -- Installing: /home/arepo/vsss_sim/bullet_ws/install/sim_msgs/include/sim_msgs/sim_msgs/msg/detail/obj_data__struct.hpp
[5.176s] -- Installing: /home/arepo/vsss_sim/bullet_ws/install/sim_msgs/include/sim_msgs/sim_msgs/msg/detail/low_cmd__struct.hpp
[5.176s] -- Installing: /home/arepo/vsss_sim/bullet_ws/install/sim_msgs/include/sim_msgs/sim_msgs/msg/detail/obj_data__builder.hpp
[5.176s] -- Installing: /home/arepo/vsss_sim/bullet_ws/install/sim_msgs/include/sim_msgs/sim_msgs/msg/detail/obj_data__type_support.hpp
[5.176s] -- Installing: /home/arepo/vsss_sim/bullet_ws/install/sim_msgs/include/sim_msgs/sim_msgs/msg/detail/field_data__builder.hpp
[5.176s] -- Installing: /home/arepo/vsss_sim/bullet_ws/install/sim_msgs/include/sim_msgs/sim_msgs/msg/detail/high_cmd__traits.hpp
[5.176s] -- Installing: /home/arepo/vsss_sim/bullet_ws/install/sim_msgs/include/sim_msgs/sim_msgs/msg/detail/high_cmd__builder.hpp
[5.176s] -- Installing: /home/arepo/vsss_sim/bullet_ws/install/sim_msgs/include/sim_msgs/sim_msgs/msg/detail/field_data__struct.hpp
[5.177s] -- Installing: /home/arepo/vsss_sim/bullet_ws/install/sim_msgs/include/sim_msgs/sim_msgs/msg/detail/settings__struct.hpp
[5.177s] -- Installing: /home/arepo/vsss_sim/bullet_ws/install/sim_msgs/include/sim_msgs/sim_msgs/msg/detail/settings__traits.hpp
[5.177s] -- Installing: /home/arepo/vsss_sim/bullet_ws/install/sim_msgs/include/sim_msgs/sim_msgs/msg/high_cmd.hpp
[5.177s] -- Installing: /home/arepo/vsss_sim/bullet_ws/install/sim_msgs/include/sim_msgs/sim_msgs/msg/rosidl_generator_cpp__visibility_control.hpp
[5.177s] -- Installing: /home/arepo/vsss_sim/bullet_ws/install/sim_msgs/include/sim_msgs/sim_msgs/msg/field_data.hpp
[5.177s] -- Installing: /home/arepo/vsss_sim/bullet_ws/install/sim_msgs/include/sim_msgs/sim_msgs/msg/obj_data.hpp
[5.177s] -- Installing: /home/arepo/vsss_sim/bullet_ws/install/sim_msgs/include/sim_msgs/sim_msgs/msg/settings.hpp
[5.177s] -- Up-to-date: /home/arepo/vsss_sim/bullet_ws/install/sim_msgs/include/sim_msgs/sim_msgs
[5.177s] -- Up-to-date: /home/arepo/vsss_sim/bullet_ws/install/sim_msgs/include/sim_msgs/sim_msgs/srv
[5.177s] -- Up-to-date: /home/arepo/vsss_sim/bullet_ws/install/sim_msgs/include/sim_msgs/sim_msgs/srv/detail
[5.177s] -- Installing: /home/arepo/vsss_sim/bullet_ws/install/sim_msgs/include/sim_msgs/sim_msgs/srv/detail/reset__rosidl_typesupport_fastrtps_cpp.hpp
[5.177s] -- Installing: /home/arepo/vsss_sim/bullet_ws/install/sim_msgs/include/sim_msgs/sim_msgs/srv/detail/dds_fastrtps
[5.178s] -- Installing: /home/arepo/vsss_sim/bullet_ws/install/sim_msgs/include/sim_msgs/sim_msgs/srv/detail/controller__rosidl_typesupport_fastrtps_cpp.hpp
[5.178s] -- Up-to-date: /home/arepo/vsss_sim/bullet_ws/install/sim_msgs/include/sim_msgs/sim_msgs/msg
[5.178s] -- Up-to-date: /home/arepo/vsss_sim/bullet_ws/install/sim_msgs/include/sim_msgs/sim_msgs/msg/detail
[5.178s] -- Installing: /home/arepo/vsss_sim/bullet_ws/install/sim_msgs/include/sim_msgs/sim_msgs/msg/detail/settings__rosidl_typesupport_fastrtps_cpp.hpp
[5.178s] -- Installing: /home/arepo/vsss_sim/bullet_ws/install/sim_msgs/include/sim_msgs/sim_msgs/msg/detail/dds_fastrtps
[5.178s] -- Installing: /home/arepo/vsss_sim/bullet_ws/install/sim_msgs/include/sim_msgs/sim_msgs/msg/detail/field_data__rosidl_typesupport_fastrtps_cpp.hpp
[5.178s] -- Installing: /home/arepo/vsss_sim/bullet_ws/install/sim_msgs/include/sim_msgs/sim_msgs/msg/detail/obj_data__rosidl_typesupport_fastrtps_cpp.hpp
[5.178s] -- Installing: /home/arepo/vsss_sim/bullet_ws/install/sim_msgs/include/sim_msgs/sim_msgs/msg/detail/high_cmd__rosidl_typesupport_fastrtps_cpp.hpp
[5.178s] -- Installing: /home/arepo/vsss_sim/bullet_ws/install/sim_msgs/include/sim_msgs/sim_msgs/msg/detail/low_cmd__rosidl_typesupport_fastrtps_cpp.hpp
[5.178s] -- Installing: /home/arepo/vsss_sim/bullet_ws/install/sim_msgs/include/sim_msgs/sim_msgs/msg/rosidl_typesupport_fastrtps_cpp__visibility_control.h
[5.178s] -- Installing: /home/arepo/vsss_sim/bullet_ws/install/sim_msgs/lib/libsim_msgs__rosidl_typesupport_fastrtps_cpp.so
[5.179s] -- Set non-toolchain portion of runtime path of "/home/arepo/vsss_sim/bullet_ws/install/sim_msgs/lib/libsim_msgs__rosidl_typesupport_fastrtps_cpp.so" to ""
[5.179s] -- Up-to-date: /home/arepo/vsss_sim/bullet_ws/install/sim_msgs/include/sim_msgs/sim_msgs
[5.179s] -- Up-to-date: /home/arepo/vsss_sim/bullet_ws/install/sim_msgs/include/sim_msgs/sim_msgs/srv
[5.179s] -- Up-to-date: /home/arepo/vsss_sim/bullet_ws/install/sim_msgs/include/sim_msgs/sim_msgs/srv/detail
[5.179s] -- Installing: /home/arepo/vsss_sim/bullet_ws/install/sim_msgs/include/sim_msgs/sim_msgs/srv/detail/reset__type_support.cpp
[5.179s] -- Installing: /home/arepo/vsss_sim/bullet_ws/install/sim_msgs/include/sim_msgs/sim_msgs/srv/detail/controller__rosidl_typesupport_introspection_cpp.hpp
[5.179s] -- Installing: /home/arepo/vsss_sim/bullet_ws/install/sim_msgs/include/sim_msgs/sim_msgs/srv/detail/reset__rosidl_typesupport_introspection_cpp.hpp
[5.179s] -- Installing: /home/arepo/vsss_sim/bullet_ws/install/sim_msgs/include/sim_msgs/sim_msgs/srv/detail/controller__type_support.cpp
[5.179s] -- Up-to-date: /home/arepo/vsss_sim/bullet_ws/install/sim_msgs/include/sim_msgs/sim_msgs/msg
[5.179s] -- Up-to-date: /home/arepo/vsss_sim/bullet_ws/install/sim_msgs/include/sim_msgs/sim_msgs/msg/detail
[5.180s] -- Installing: /home/arepo/vsss_sim/bullet_ws/install/sim_msgs/include/sim_msgs/sim_msgs/msg/detail/high_cmd__type_support.cpp
[5.180s] -- Installing: /home/arepo/vsss_sim/bullet_ws/install/sim_msgs/include/sim_msgs/sim_msgs/msg/detail/high_cmd__rosidl_typesupport_introspection_cpp.hpp
[5.180s] -- Installing: /home/arepo/vsss_sim/bullet_ws/install/sim_msgs/include/sim_msgs/sim_msgs/msg/detail/field_data__rosidl_typesupport_introspection_cpp.hpp
[5.180s] -- Installing: /home/arepo/vsss_sim/bullet_ws/install/sim_msgs/include/sim_msgs/sim_msgs/msg/detail/field_data__type_support.cpp
[5.180s] -- Installing: /home/arepo/vsss_sim/bullet_ws/install/sim_msgs/include/sim_msgs/sim_msgs/msg/detail/settings__rosidl_typesupport_introspection_cpp.hpp
[5.180s] -- Installing: /home/arepo/vsss_sim/bullet_ws/install/sim_msgs/include/sim_msgs/sim_msgs/msg/detail/low_cmd__type_support.cpp
[5.180s] -- Installing: /home/arepo/vsss_sim/bullet_ws/install/sim_msgs/include/sim_msgs/sim_msgs/msg/detail/obj_data__rosidl_typesupport_introspection_cpp.hpp
[5.180s] -- Installing: /home/arepo/vsss_sim/bullet_ws/install/sim_msgs/include/sim_msgs/sim_msgs/msg/detail/low_cmd__rosidl_typesupport_introspection_cpp.hpp
[5.180s] -- Installing: /home/arepo/vsss_sim/bullet_ws/install/sim_msgs/include/sim_msgs/sim_msgs/msg/detail/settings__type_support.cpp
[5.180s] -- Installing: /home/arepo/vsss_sim/bullet_ws/install/sim_msgs/include/sim_msgs/sim_msgs/msg/detail/obj_data__type_support.cpp
[5.181s] -- Installing: /home/arepo/vsss_sim/bullet_ws/install/sim_msgs/lib/libsim_msgs__rosidl_typesupport_introspection_cpp.so
[5.181s] -- Set non-toolchain portion of runtime path of "/home/arepo/vsss_sim/bullet_ws/install/sim_msgs/lib/libsim_msgs__rosidl_typesupport_introspection_cpp.so" to ""
[5.181s] -- Installing: /home/arepo/vsss_sim/bullet_ws/install/sim_msgs/lib/libsim_msgs__rosidl_typesupport_cpp.so
[5.181s] -- Set non-toolchain portion of runtime path of "/home/arepo/vsss_sim/bullet_ws/install/sim_msgs/lib/libsim_msgs__rosidl_typesupport_cpp.so" to ""
[5.181s] -- Installing: /home/arepo/vsss_sim/bullet_ws/install/sim_msgs/share/sim_msgs/environment/pythonpath.sh
[5.182s] -- Installing: /home/arepo/vsss_sim/bullet_ws/install/sim_msgs/share/sim_msgs/environment/pythonpath.dsv
[5.182s] -- Installing: /home/arepo/vsss_sim/bullet_ws/install/sim_msgs/local/lib/python3.10/dist-packages/sim_msgs-0.0.0-py3.10.egg-info
[5.182s] -- Installing: /home/arepo/vsss_sim/bullet_ws/install/sim_msgs/local/lib/python3.10/dist-packages/sim_msgs-0.0.0-py3.10.egg-info/PKG-INFO
[5.182s] -- Installing: /home/arepo/vsss_sim/bullet_ws/install/sim_msgs/local/lib/python3.10/dist-packages/sim_msgs-0.0.0-py3.10.egg-info/dependency_links.txt
[5.182s] -- Installing: /home/arepo/vsss_sim/bullet_ws/install/sim_msgs/local/lib/python3.10/dist-packages/sim_msgs-0.0.0-py3.10.egg-info/top_level.txt
[5.182s] -- Installing: /home/arepo/vsss_sim/bullet_ws/install/sim_msgs/local/lib/python3.10/dist-packages/sim_msgs-0.0.0-py3.10.egg-info/SOURCES.txt
[5.182s] -- Installing: /home/arepo/vsss_sim/bullet_ws/install/sim_msgs/local/lib/python3.10/dist-packages/sim_msgs
[5.182s] -- Installing: /home/arepo/vsss_sim/bullet_ws/install/sim_msgs/local/lib/python3.10/dist-packages/sim_msgs/libsim_msgs__rosidl_generator_py.so
[5.182s] -- Installing: /home/arepo/vsss_sim/bullet_ws/install/sim_msgs/local/lib/python3.10/dist-packages/sim_msgs/srv
[5.183s] -- Installing: /home/arepo/vsss_sim/bullet_ws/install/sim_msgs/local/lib/python3.10/dist-packages/sim_msgs/srv/_controller_s.c
[5.183s] -- Installing: /home/arepo/vsss_sim/bullet_ws/install/sim_msgs/local/lib/python3.10/dist-packages/sim_msgs/srv/__init__.py
[5.183s] -- Installing: /home/arepo/vsss_sim/bullet_ws/install/sim_msgs/local/lib/python3.10/dist-packages/sim_msgs/srv/_reset_s.c
[5.183s] -- Installing: /home/arepo/vsss_sim/bullet_ws/install/sim_msgs/local/lib/python3.10/dist-packages/sim_msgs/srv/_reset.py
[5.183s] -- Installing: /home/arepo/vsss_sim/bullet_ws/install/sim_msgs/local/lib/python3.10/dist-packages/sim_msgs/srv/_controller.py
[5.183s] -- Installing: /home/arepo/vsss_sim/bullet_ws/install/sim_msgs/local/lib/python3.10/dist-packages/sim_msgs/msg
[5.183s] -- Installing: /home/arepo/vsss_sim/bullet_ws/install/sim_msgs/local/lib/python3.10/dist-packages/sim_msgs/msg/_low_cmd.py
[5.183s] -- Installing: /home/arepo/vsss_sim/bullet_ws/install/sim_msgs/local/lib/python3.10/dist-packages/sim_msgs/msg/_obj_data.py
[5.183s] -- Installing: /home/arepo/vsss_sim/bullet_ws/install/sim_msgs/local/lib/python3.10/dist-packages/sim_msgs/msg/_obj_data_s.c
[5.183s] -- Installing: /home/arepo/vsss_sim/bullet_ws/install/sim_msgs/local/lib/python3.10/dist-packages/sim_msgs/msg/__init__.py
[5.184s] -- Installing: /home/arepo/vsss_sim/bullet_ws/install/sim_msgs/local/lib/python3.10/dist-packages/sim_msgs/msg/_low_cmd_s.c
[5.184s] -- Installing: /home/arepo/vsss_sim/bullet_ws/install/sim_msgs/local/lib/python3.10/dist-packages/sim_msgs/msg/_settings_s.c
[5.184s] -- Installing: /home/arepo/vsss_sim/bullet_ws/install/sim_msgs/local/lib/python3.10/dist-packages/sim_msgs/msg/_settings.py
[5.184s] -- Installing: /home/arepo/vsss_sim/bullet_ws/install/sim_msgs/local/lib/python3.10/dist-packages/sim_msgs/msg/_field_data_s.c
[5.184s] -- Installing: /home/arepo/vsss_sim/bullet_ws/install/sim_msgs/local/lib/python3.10/dist-packages/sim_msgs/msg/_high_cmd.py
[5.184s] -- Installing: /home/arepo/vsss_sim/bullet_ws/install/sim_msgs/local/lib/python3.10/dist-packages/sim_msgs/msg/_field_data.py
[5.184s] -- Installing: /home/arepo/vsss_sim/bullet_ws/install/sim_msgs/local/lib/python3.10/dist-packages/sim_msgs/msg/_high_cmd_s.c
[5.184s] -- Installing: /home/arepo/vsss_sim/bullet_ws/install/sim_msgs/local/lib/python3.10/dist-packages/sim_msgs/sim_msgs_s__rosidl_typesupport_c.cpython-310-x86_64-linux-gnu.so
[5.184s] -- Installing: /home/arepo/vsss_sim/bullet_ws/install/sim_msgs/local/lib/python3.10/dist-packages/sim_msgs/_sim_msgs_s.ep.rosidl_typesupport_c.c
[5.185s] -- Installing: /home/arepo/vsss_sim/bullet_ws/install/sim_msgs/local/lib/python3.10/dist-packages/sim_msgs/__init__.py
[5.185s] -- Installing: /home/arepo/vsss_sim/bullet_ws/install/sim_msgs/local/lib/python3.10/dist-packages/sim_msgs/_sim_msgs_s.ep.rosidl_typesupport_fastrtps_c.c
[5.185s] -- Installing: /home/arepo/vsss_sim/bullet_ws/install/sim_msgs/local/lib/python3.10/dist-packages/sim_msgs/sim_msgs_s__rosidl_typesupport_introspection_c.cpython-310-x86_64-linux-gnu.so
[5.185s] -- Installing: /home/arepo/vsss_sim/bullet_ws/install/sim_msgs/local/lib/python3.10/dist-packages/sim_msgs/sim_msgs_s__rosidl_typesupport_fastrtps_c.cpython-310-x86_64-linux-gnu.so
[5.185s] -- Installing: /home/arepo/vsss_sim/bullet_ws/install/sim_msgs/local/lib/python3.10/dist-packages/sim_msgs/_sim_msgs_s.ep.rosidl_typesupport_introspection_c.c
[5.218s] Listing '/home/arepo/vsss_sim/bullet_ws/install/sim_msgs/local/lib/python3.10/dist-packages/sim_msgs'...
[5.218s] Compiling '/home/arepo/vsss_sim/bullet_ws/install/sim_msgs/local/lib/python3.10/dist-packages/sim_msgs/__init__.py'...
[5.219s] Listing '/home/arepo/vsss_sim/bullet_ws/install/sim_msgs/local/lib/python3.10/dist-packages/sim_msgs/msg'...
[5.219s] Compiling '/home/arepo/vsss_sim/bullet_ws/install/sim_msgs/local/lib/python3.10/dist-packages/sim_msgs/msg/__init__.py'...
[5.219s] Compiling '/home/arepo/vsss_sim/bullet_ws/install/sim_msgs/local/lib/python3.10/dist-packages/sim_msgs/msg/_field_data.py'...
[5.219s] Compiling '/home/arepo/vsss_sim/bullet_ws/install/sim_msgs/local/lib/python3.10/dist-packages/sim_msgs/msg/_high_cmd.py'...
[5.219s] Compiling '/home/arepo/vsss_sim/bullet_ws/install/sim_msgs/local/lib/python3.10/dist-packages/sim_msgs/msg/_low_cmd.py'...
[5.219s] Compiling '/home/arepo/vsss_sim/bullet_ws/install/sim_msgs/local/lib/python3.10/dist-packages/sim_msgs/msg/_obj_data.py'...
[5.219s] Compiling '/home/arepo/vsss_sim/bullet_ws/install/sim_msgs/local/lib/python3.10/dist-packages/sim_msgs/msg/_settings.py'...
[5.219s] Listing '/home/arepo/vsss_sim/bullet_ws/install/sim_msgs/local/lib/python3.10/dist-packages/sim_msgs/srv'...
[5.219s] Compiling '/home/arepo/vsss_sim/bullet_ws/install/sim_msgs/local/lib/python3.10/dist-packages/sim_msgs/srv/__init__.py'...
[5.219s] Compiling '/home/arepo/vsss_sim/bullet_ws/install/sim_msgs/local/lib/python3.10/dist-packages/sim_msgs/srv/_controller.py'...
[5.219s] Compiling '/home/arepo/vsss_sim/bullet_ws/install/sim_msgs/local/lib/python3.10/dist-packages/sim_msgs/srv/_reset.py'...
[5.222s] -- Installing: /home/arepo/vsss_sim/bullet_ws/install/sim_msgs/local/lib/python3.10/dist-packages/sim_msgs/sim_msgs_s__rosidl_typesupport_fastrtps_c.cpython-310-x86_64-linux-gnu.so
[5.222s] -- Set non-toolchain portion of runtime path of "/home/arepo/vsss_sim/bullet_ws/install/sim_msgs/local/lib/python3.10/dist-packages/sim_msgs/sim_msgs_s__rosidl_typesupport_fastrtps_c.cpython-310-x86_64-linux-gnu.so" to ""
[5.222s] -- Installing: /home/arepo/vsss_sim/bullet_ws/install/sim_msgs/local/lib/python3.10/dist-packages/sim_msgs/sim_msgs_s__rosidl_typesupport_introspection_c.cpython-310-x86_64-linux-gnu.so
[5.223s] -- Set non-toolchain portion of runtime path of "/home/arepo/vsss_sim/bullet_ws/install/sim_msgs/local/lib/python3.10/dist-packages/sim_msgs/sim_msgs_s__rosidl_typesupport_introspection_c.cpython-310-x86_64-linux-gnu.so" to ""
[5.223s] -- Installing: /home/arepo/vsss_sim/bullet_ws/install/sim_msgs/local/lib/python3.10/dist-packages/sim_msgs/sim_msgs_s__rosidl_typesupport_c.cpython-310-x86_64-linux-gnu.so
[5.223s] -- Set non-toolchain portion of runtime path of "/home/arepo/vsss_sim/bullet_ws/install/sim_msgs/local/lib/python3.10/dist-packages/sim_msgs/sim_msgs_s__rosidl_typesupport_c.cpython-310-x86_64-linux-gnu.so" to ""
[5.223s] -- Installing: /home/arepo/vsss_sim/bullet_ws/install/sim_msgs/lib/libsim_msgs__rosidl_generator_py.so
[5.223s] -- Set non-toolchain portion of runtime path of "/home/arepo/vsss_sim/bullet_ws/install/sim_msgs/lib/libsim_msgs__rosidl_generator_py.so" to ""
[5.224s] -- Installing: /home/arepo/vsss_sim/bullet_ws/install/sim_msgs/share/sim_msgs/msg/LowCmd.idl
[5.224s] -- Installing: /home/arepo/vsss_sim/bullet_ws/install/sim_msgs/share/sim_msgs/msg/HighCmd.idl
[5.224s] -- Installing: /home/arepo/vsss_sim/bullet_ws/install/sim_msgs/share/sim_msgs/msg/ObjData.idl
[5.224s] -- Installing: /home/arepo/vsss_sim/bullet_ws/install/sim_msgs/share/sim_msgs/msg/FieldData.idl
[5.224s] -- Installing: /home/arepo/vsss_sim/bullet_ws/install/sim_msgs/share/sim_msgs/msg/Settings.idl
[5.224s] -- Installing: /home/arepo/vsss_sim/bullet_ws/install/sim_msgs/share/sim_msgs/srv/Controller.idl
[5.224s] -- Installing: /home/arepo/vsss_sim/bullet_ws/install/sim_msgs/share/sim_msgs/srv/Reset.idl
[5.224s] -- Installing: /home/arepo/vsss_sim/bullet_ws/install/sim_msgs/share/sim_msgs/msg/LowCmd.msg
[5.225s] -- Installing: /home/arepo/vsss_sim/bullet_ws/install/sim_msgs/share/sim_msgs/msg/HighCmd.msg
[5.225s] -- Installing: /home/arepo/vsss_sim/bullet_ws/install/sim_msgs/share/sim_msgs/msg/ObjData.msg
[5.225s] -- Installing: /home/arepo/vsss_sim/bullet_ws/install/sim_msgs/share/sim_msgs/msg/FieldData.msg
[5.225s] -- Installing: /home/arepo/vsss_sim/bullet_ws/install/sim_msgs/share/sim_msgs/msg/Settings.msg
[5.225s] -- Installing: /home/arepo/vsss_sim/bullet_ws/install/sim_msgs/share/sim_msgs/srv/Controller.srv
[5.225s] -- Installing: /home/arepo/vsss_sim/bullet_ws/install/sim_msgs/share/sim_msgs/srv/Controller_Request.msg
[5.225s] -- Installing: /home/arepo/vsss_sim/bullet_ws/install/sim_msgs/share/sim_msgs/srv/Controller_Response.msg
[5.225s] -- Installing: /home/arepo/vsss_sim/bullet_ws/install/sim_msgs/share/sim_msgs/srv/Reset.srv
[5.226s] -- Installing: /home/arepo/vsss_sim/bullet_ws/install/sim_msgs/share/sim_msgs/srv/Reset_Request.msg
[5.226s] -- Installing: /home/arepo/vsss_sim/bullet_ws/install/sim_msgs/share/sim_msgs/srv/Reset_Response.msg
[5.226s] -- Installing: /home/arepo/vsss_sim/bullet_ws/install/sim_msgs/share/ament_index/resource_index/package_run_dependencies/sim_msgs
[5.226s] -- Installing: /home/arepo/vsss_sim/bullet_ws/install/sim_msgs/share/ament_index/resource_index/parent_prefix_path/sim_msgs
[5.226s] -- Installing: /home/arepo/vsss_sim/bullet_ws/install/sim_msgs/share/sim_msgs/environment/ament_prefix_path.sh
[5.226s] -- Installing: /home/arepo/vsss_sim/bullet_ws/install/sim_msgs/share/sim_msgs/environment/ament_prefix_path.dsv
[5.226s] -- Installing: /home/arepo/vsss_sim/bullet_ws/install/sim_msgs/share/sim_msgs/environment/path.sh
[5.226s] -- Installing: /home/arepo/vsss_sim/bullet_ws/install/sim_msgs/share/sim_msgs/environment/path.dsv
[5.227s] -- Installing: /home/arepo/vsss_sim/bullet_ws/install/sim_msgs/share/sim_msgs/local_setup.bash
[5.227s] -- Installing: /home/arepo/vsss_sim/bullet_ws/install/sim_msgs/share/sim_msgs/local_setup.sh
[5.227s] -- Installing: /home/arepo/vsss_sim/bullet_ws/install/sim_msgs/share/sim_msgs/local_setup.zsh
[5.227s] -- Installing: /home/arepo/vsss_sim/bullet_ws/install/sim_msgs/share/sim_msgs/local_setup.dsv
[5.227s] -- Installing: /home/arepo/vsss_sim/bullet_ws/install/sim_msgs/share/sim_msgs/package.dsv
[5.227s] -- Installing: /home/arepo/vsss_sim/bullet_ws/install/sim_msgs/share/ament_index/resource_index/packages/sim_msgs
[5.227s] -- Installing: /home/arepo/vsss_sim/bullet_ws/install/sim_msgs/share/sim_msgs/cmake/export_sim_msgs__rosidl_generator_cExport.cmake
[5.227s] -- Installing: /home/arepo/vsss_sim/bullet_ws/install/sim_msgs/share/sim_msgs/cmake/export_sim_msgs__rosidl_generator_cExport-noconfig.cmake
[5.228s] -- Installing: /home/arepo/vsss_sim/bullet_ws/install/sim_msgs/share/sim_msgs/cmake/export_sim_msgs__rosidl_typesupport_fastrtps_cExport.cmake
[5.228s] -- Installing: /home/arepo/vsss_sim/bullet_ws/install/sim_msgs/share/sim_msgs/cmake/export_sim_msgs__rosidl_typesupport_fastrtps_cExport-noconfig.cmake
[5.228s] -- Installing: /home/arepo/vsss_sim/bullet_ws/install/sim_msgs/share/sim_msgs/cmake/sim_msgs__rosidl_typesupport_introspection_cExport.cmake
[5.228s] -- Installing: /home/arepo/vsss_sim/bullet_ws/install/sim_msgs/share/sim_msgs/cmake/sim_msgs__rosidl_typesupport_introspection_cExport-noconfig.cmake
[5.228s] -- Installing: /home/arepo/vsss_sim/bullet_ws/install/sim_msgs/share/sim_msgs/cmake/sim_msgs__rosidl_typesupport_cExport.cmake
[5.228s] -- Installing: /home/arepo/vsss_sim/bullet_ws/install/sim_msgs/share/sim_msgs/cmake/sim_msgs__rosidl_typesupport_cExport-noconfig.cmake
[5.228s] -- Installing: /home/arepo/vsss_sim/bullet_ws/install/sim_msgs/share/sim_msgs/cmake/export_sim_msgs__rosidl_generator_cppExport.cmake
[5.229s] -- Installing: /home/arepo/vsss_sim/bullet_ws/install/sim_msgs/share/sim_msgs/cmake/export_sim_msgs__rosidl_typesupport_fastrtps_cppExport.cmake
[5.229s] -- Installing: /home/arepo/vsss_sim/bullet_ws/install/sim_msgs/share/sim_msgs/cmake/export_sim_msgs__rosidl_typesupport_fastrtps_cppExport-noconfig.cmake
[5.229s] -- Installing: /home/arepo/vsss_sim/bullet_ws/install/sim_msgs/share/sim_msgs/cmake/sim_msgs__rosidl_typesupport_introspection_cppExport.cmake
[5.229s] -- Installing: /home/arepo/vsss_sim/bullet_ws/install/sim_msgs/share/sim_msgs/cmake/sim_msgs__rosidl_typesupport_introspection_cppExport-noconfig.cmake
[5.229s] -- Installing: /home/arepo/vsss_sim/bullet_ws/install/sim_msgs/share/sim_msgs/cmake/sim_msgs__rosidl_typesupport_cppExport.cmake
[5.229s] -- Installing: /home/arepo/vsss_sim/bullet_ws/install/sim_msgs/share/sim_msgs/cmake/sim_msgs__rosidl_typesupport_cppExport-noconfig.cmake
[5.229s] -- Installing: /home/arepo/vsss_sim/bullet_ws/install/sim_msgs/share/sim_msgs/cmake/export_sim_msgs__rosidl_generator_pyExport.cmake
[5.229s] -- Installing: /home/arepo/vsss_sim/bullet_ws/install/sim_msgs/share/sim_msgs/cmake/export_sim_msgs__rosidl_generator_pyExport-noconfig.cmake
[5.230s] -- Installing: /home/arepo/vsss_sim/bullet_ws/install/sim_msgs/share/sim_msgs/cmake/rosidl_cmake-extras.cmake
[5.230s] -- Installing: /home/arepo/vsss_sim/bullet_ws/install/sim_msgs/share/sim_msgs/cmake/ament_cmake_export_include_directories-extras.cmake
[5.230s] -- Installing: /home/arepo/vsss_sim/bullet_ws/install/sim_msgs/share/sim_msgs/cmake/ament_cmake_export_libraries-extras.cmake
[5.230s] -- Installing: /home/arepo/vsss_sim/bullet_ws/install/sim_msgs/share/sim_msgs/cmake/ament_cmake_export_targets-extras.cmake
[5.230s] -- Installing: /home/arepo/vsss_sim/bullet_ws/install/sim_msgs/share/sim_msgs/cmake/rosidl_cmake_export_typesupport_targets-extras.cmake
[5.230s] -- Installing: /home/arepo/vsss_sim/bullet_ws/install/sim_msgs/share/sim_msgs/cmake/ament_cmake_export_dependencies-extras.cmake
[5.230s] -- Installing: /home/arepo/vsss_sim/bullet_ws/install/sim_msgs/share/sim_msgs/cmake/rosidl_cmake_export_typesupport_libraries-extras.cmake
[5.231s] -- Installing: /home/arepo/vsss_sim/bullet_ws/install/sim_msgs/share/sim_msgs/cmake/sim_msgsConfig.cmake
[5.231s] -- Installing: /home/arepo/vsss_sim/bullet_ws/install/sim_msgs/share/sim_msgs/cmake/sim_msgsConfig-version.cmake
[5.231s] -- Installing: /home/arepo/vsss_sim/bullet_ws/install/sim_msgs/share/sim_msgs/package.xml
[5.233s] Invoked command in '/home/arepo/vsss_sim/bullet_ws/build/sim_msgs' returned '0': CMAKE_PREFIX_PATH=${CMAKE_PREFIX_PATH}:/home/arepo/vsss_sim/bullet_ws/install/vision:/home/arepo/vsss_sim/bullet_ws/install/sim:/home/arepo/vsss/bullet_ws/install/vision:/home/arepo/vsss/bullet_ws/install/sim:/opt/ros/humble /home/arepo/.local/bin/cmake --install /home/arepo/vsss_sim/bullet_ws/build/sim_msgs
