[0.663s] Invoking command in '/home/arepo/vsss_sim/bullet_ws/src/sim': PYTHONPATH=/home/arepo/vsss_sim/bullet_ws/build/sim/prefix_override:/usr/lib/python3/dist-packages/colcon_core/task/python/colcon_distutils_commands:/home/arepo/vsss_sim/bullet_ws/install/sim/lib/python3.10/site-packages:${PYTHONPATH} /usr/bin/python3 -W ignore:setup.py install is deprecated -W ignore:easy_install command is deprecated setup.py egg_info --egg-base ../../build/sim build --build-base /home/arepo/vsss_sim/bullet_ws/build/sim/build install --record /home/arepo/vsss_sim/bullet_ws/build/sim/install.log --single-version-externally-managed install_data
[0.865s] running egg_info
[0.880s] writing ../../build/sim/sim.egg-info/PKG-INFO
[0.881s] writing dependency_links to ../../build/sim/sim.egg-info/dependency_links.txt
[0.881s] writing entry points to ../../build/sim/sim.egg-info/entry_points.txt
[0.881s] writing requirements to ../../build/sim/sim.egg-info/requires.txt
[0.881s] writing top-level names to ../../build/sim/sim.egg-info/top_level.txt
[0.914s] reading manifest file '../../build/sim/sim.egg-info/SOURCES.txt'
[0.914s] adding license file 'LICENSE'
[0.915s] writing manifest file '../../build/sim/sim.egg-info/SOURCES.txt'
[0.915s] running build
[0.915s] running build_py
[0.915s] running install
[0.919s] running install_lib
[0.935s] running install_data
[0.935s] running install_egg_info
[0.951s] removing '/home/arepo/vsss_sim/bullet_ws/install/sim/lib/python3.10/site-packages/sim-0.0.0-py3.10.egg-info' (and everything under it)
[0.951s] Copying ../../build/sim/sim.egg-info to /home/arepo/vsss_sim/bullet_ws/install/sim/lib/python3.10/site-packages/sim-0.0.0-py3.10.egg-info
[0.952s] running install_scripts
[1.105s] Installing bridge script to /home/arepo/vsss_sim/bullet_ws/install/sim/lib/sim
[1.105s] Installing comms script to /home/arepo/vsss_sim/bullet_ws/install/sim/lib/sim
[1.105s] Installing gui script to /home/arepo/vsss_sim/bullet_ws/install/sim/lib/sim
[1.105s] Installing sim script to /home/arepo/vsss_sim/bullet_ws/install/sim/lib/sim
[1.105s] Installing strat script to /home/arepo/vsss_sim/bullet_ws/install/sim/lib/sim
[1.106s] Installing strat2 script to /home/arepo/vsss_sim/bullet_ws/install/sim/lib/sim
[1.106s] Installing stratmax script to /home/arepo/vsss_sim/bullet_ws/install/sim/lib/sim
[1.106s] Installing tests script to /home/arepo/vsss_sim/bullet_ws/install/sim/lib/sim
[1.106s] Installing vision script to /home/arepo/vsss_sim/bullet_ws/install/sim/lib/sim
[1.106s] Installing vision2 script to /home/arepo/vsss_sim/bullet_ws/install/sim/lib/sim
[1.106s] writing list of installed files to '/home/arepo/vsss_sim/bullet_ws/build/sim/install.log'
[1.127s] Invoked command in '/home/arepo/vsss_sim/bullet_ws/src/sim' returned '0': PYTHONPATH=/home/arepo/vsss_sim/bullet_ws/build/sim/prefix_override:/usr/lib/python3/dist-packages/colcon_core/task/python/colcon_distutils_commands:/home/arepo/vsss_sim/bullet_ws/install/sim/lib/python3.10/site-packages:${PYTHONPATH} /usr/bin/python3 -W ignore:setup.py install is deprecated -W ignore:easy_install command is deprecated setup.py egg_info --egg-base ../../build/sim build --build-base /home/arepo/vsss_sim/bullet_ws/build/sim/build install --record /home/arepo/vsss_sim/bullet_ws/build/sim/install.log --single-version-externally-managed install_data
